Archive member included because of file (symbol)

./gr_common/RLduino78/libraries/EEPROM/utility/pfdl.a(pfdl.o)
                              ./gr_common/RLduino78/libraries/EEPROM/utility/data_flash_util.o (PFDL_Open)
./gr_common/RLduino78/libraries/PicalicoFree/picalicoFree.a(PicalicoFree.o)
                              ./gr_common/RLduino78/libraries/PicalicoFree/PicalicoClass.o (PCFsendNum(int, int*))
./gr_common/RLduino78/libraries/PicalicoFree/picalicoFree.a(OITCodec.o)
                              ./gr_common/RLduino78/libraries/PicalicoFree/picalicoFree.a(PicalicoFree.o) (PicalicoID2CodecID(long, int))
C:/Renesas/e2studio/GNURL78v14.03-ELF/rl78-elf/rl78-elf/lib\libstdc++.a(si_class_type_info.o)
                              ./gr_common/RLduino78/cores/HardwareSerial.o (vtable for __cxxabiv1::__si_class_type_info)
C:/Renesas/e2studio/GNURL78v14.03-ELF/rl78-elf/rl78-elf/lib\libstdc++.a(new_op.o)
                              ./gr_common/RLduino78/libraries/Ethernet/Ethernet.o (operator new(unsigned int))
C:/Renesas/e2studio/GNURL78v14.03-ELF/rl78-elf/rl78-elf/lib\libstdc++.a(eh_throw.o)
                              C:/Renesas/e2studio/GNURL78v14.03-ELF/rl78-elf/rl78-elf/lib\libstdc++.a(new_op.o) (__cxa_throw)
C:/Renesas/e2studio/GNURL78v14.03-ELF/rl78-elf/rl78-elf/lib\libstdc++.a(class_type_info.o)
                              C:/Renesas/e2studio/GNURL78v14.03-ELF/rl78-elf/rl78-elf/lib\libstdc++.a(si_class_type_info.o) (__cxxabiv1::__class_type_info::__do_upcast(__cxxabiv1::__class_type_info const*, void**) const)
C:/Renesas/e2studio/GNURL78v14.03-ELF/rl78-elf/rl78-elf/lib\libstdc++.a(eh_catch.o)
                              C:/Renesas/e2studio/GNURL78v14.03-ELF/rl78-elf/rl78-elf/lib\libstdc++.a(eh_throw.o) (__cxa_begin_catch)
C:/Renesas/e2studio/GNURL78v14.03-ELF/rl78-elf/rl78-elf/lib\libstdc++.a(del_op.o)
                              ./gr_common/RLduino78/libraries/Ethernet/Ethernet.o (operator delete(void*))
C:/Renesas/e2studio/GNURL78v14.03-ELF/rl78-elf/rl78-elf/lib\libstdc++.a(eh_terminate.o)
                              C:/Renesas/e2studio/GNURL78v14.03-ELF/rl78-elf/rl78-elf/lib\libstdc++.a(eh_throw.o) (__cxxabiv1::__terminate(void (*)()))
C:/Renesas/e2studio/GNURL78v14.03-ELF/rl78-elf/rl78-elf/lib\libstdc++.a(eh_personality.o)
                              ./gr_common/RLduino78/cores/Stream.o (__gxx_personality_sj0)
C:/Renesas/e2studio/GNURL78v14.03-ELF/rl78-elf/rl78-elf/lib\libstdc++.a(eh_alloc.o)
                              C:/Renesas/e2studio/GNURL78v14.03-ELF/rl78-elf/rl78-elf/lib\libstdc++.a(new_op.o) (__cxa_allocate_exception)
C:/Renesas/e2studio/GNURL78v14.03-ELF/rl78-elf/rl78-elf/lib\libstdc++.a(eh_unex_handler.o)
                              C:/Renesas/e2studio/GNURL78v14.03-ELF/rl78-elf/rl78-elf/lib\libstdc++.a(eh_throw.o) (__cxxabiv1::__unexpected_handler)
C:/Renesas/e2studio/GNURL78v14.03-ELF/rl78-elf/rl78-elf/lib\libstdc++.a(eh_exception.o)
                              C:/Renesas/e2studio/GNURL78v14.03-ELF/rl78-elf/rl78-elf/lib\libstdc++.a(eh_personality.o) (std::bad_exception::~bad_exception())
C:/Renesas/e2studio/GNURL78v14.03-ELF/rl78-elf/rl78-elf/lib\libstdc++.a(eh_call.o)
                              C:/Renesas/e2studio/GNURL78v14.03-ELF/rl78-elf/rl78-elf/lib\libstdc++.a(eh_personality.o) (__cxa_call_terminate)
C:/Renesas/e2studio/GNURL78v14.03-ELF/rl78-elf/rl78-elf/lib\libstdc++.a(tinfo.o)
                              C:/Renesas/e2studio/GNURL78v14.03-ELF/rl78-elf/rl78-elf/lib\libstdc++.a(class_type_info.o) (std::type_info::~type_info())
C:/Renesas/e2studio/GNURL78v14.03-ELF/rl78-elf/rl78-elf/lib\libstdc++.a(eh_term_handler.o)
                              C:/Renesas/e2studio/GNURL78v14.03-ELF/rl78-elf/rl78-elf/lib\libstdc++.a(eh_throw.o) (__cxxabiv1::__terminate_handler)
C:/Renesas/e2studio/GNURL78v14.03-ELF/rl78-elf/rl78-elf/lib\libstdc++.a(pure.o)
                              ./gr_common/RLduino78/cores/HardwareSerial.o (__cxa_pure_virtual)
C:/Renesas/e2studio/GNURL78v14.03-ELF/rl78-elf/rl78-elf/lib\libstdc++.a(bad_alloc.o)
                              C:/Renesas/e2studio/GNURL78v14.03-ELF/rl78-elf/rl78-elf/lib\libstdc++.a(new_op.o) (vtable for std::bad_alloc)
C:/Renesas/e2studio/GNURL78v14.03-ELF/rl78-elf/rl78-elf/lib\libstdc++.a(new_handler.o)
                              C:/Renesas/e2studio/GNURL78v14.03-ELF/rl78-elf/rl78-elf/lib\libstdc++.a(new_op.o) (__new_handler)
C:/Renesas/e2studio/GNURL78v14.03-ELF/rl78-elf/rl78-elf/lib\libstdc++.a(eh_globals.o)
                              C:/Renesas/e2studio/GNURL78v14.03-ELF/rl78-elf/rl78-elf/lib\libstdc++.a(eh_catch.o) (__cxa_get_globals_fast)
C:/Renesas/e2studio/GNURL78v14.03-ELF/rl78-elf/rl78-elf/lib\libnosys.a(write.o)
                              C:/Renesas/e2studio/GNURL78v14.03-ELF/rl78-elf/rl78-elf/lib\libstdc++.a(pure.o) (write)
C:/Renesas/e2studio/GNURL78v14.03-ELF/rl78-elf/rl78-elf/lib\libnosys.a(errno.o)
[...]
Memory Configuration

Name             Origin             Length             Attributes
VEC              0x00000000         0x00000002         r
IVEC             0x00000004         0x0000007c         r
OPT              0x000000c0         0x00000004         r
SECURITY_ID      0x000000c4         0x0000000a         r
ROM              0x000000d8         0x0003ff28         r
RAM              0x000faf00         0x00004fe0         w
STACK            0x000ffee0         0x00000002         w
*default*        0x00000000         0xffffffff

Linker script and memory map

LOAD ./gr_sketch.o
LOAD ./gr_common/RLduino78/cores/HardwareSerial.o
LOAD ./gr_common/RLduino78/cores/IPAddress.o
LOAD ./gr_common/RLduino78/cores/Print.o
LOAD ./gr_common/RLduino78/cores/RLduino78_basic.o
LOAD ./gr_common/RLduino78/cores/RLduino78_main.o
LOAD ./gr_common/RLduino78/cores/RLduino78_RTC.o
LOAD ./gr_common/RLduino78/cores/Stream.o
LOAD ./gr_common/RLduino78/cores/WString.o
LOAD ./gr_common/RLduino78/libraries/AndroidAccessory/AndroidAccessory.o
LOAD ./gr_common/RLduino78/libraries/EEPROM/EEPROM.o
LOAD ./gr_common/RLduino78/libraries/Ethernet/Dhcp.o
LOAD ./gr_common/RLduino78/libraries/Ethernet/Dns.o
LOAD ./gr_common/RLduino78/libraries/Ethernet/Ethernet.o
LOAD ./gr_common/RLduino78/libraries/Ethernet/EthernetClient.o
LOAD ./gr_common/RLduino78/libraries/Ethernet/EthernetServer.o
LOAD ./gr_common/RLduino78/libraries/Ethernet/EthernetUdp.o
LOAD ./gr_common/RLduino78/libraries/Ethernet/Twitter.o
LOAD ./gr_common/RLduino78/libraries/Ethernet/utility/socket.o
LOAD ./gr_common/RLduino78/libraries/Ethernet/utility/w5100.o
LOAD ./gr_common/RLduino78/libraries/Ethernet/utility/w5200.o
LOAD ./gr_common/RLduino78/libraries/Ethernet/utility/w5500.o
LOAD ./gr_common/RLduino78/libraries/Firmata/Firmata.o
LOAD ./gr_common/RLduino78/libraries/LiquidCrystal/LiquidCrystal.o
LOAD ./gr_common/RLduino78/libraries/PicalicoFree/PicalicoClass.o
LOAD ./gr_common/RLduino78/libraries/RTC/RTC.o
LOAD ./gr_common/RLduino78/libraries/SD/File.o
LOAD ./gr_common/RLduino78/libraries/SD/SD.o
LOAD ./gr_common/RLduino78/libraries/SD/utility/Sd2Card.o
LOAD ./gr_common/RLduino78/libraries/SD/utility/SdFile.o
LOAD ./gr_common/RLduino78/libraries/SD/utility/SdVolume.o
LOAD ./gr_common/RLduino78/libraries/Servo/Servo.o
LOAD ./gr_common/RLduino78/libraries/SPI/SPI.o
LOAD ./gr_common/RLduino78/libraries/Stepper/Stepper.o
LOAD ./gr_common/RLduino78/libraries/USB_Host_Shield/Max3421e.o
LOAD ./gr_common/RLduino78/libraries/USB_Host_Shield/Usb.o
LOAD ./gr_common/RLduino78/libraries/Wire/Wire.o
LOAD ./gr_common/RLduino78/portable/e2studio/RL78/exception_handler.o
LOAD ./gr_common/RLduino78/cores/RLduino78_timer.o
LOAD ./gr_common/RLduino78/libraries/EEPROM/utility/data_flash_util.o
LOAD ./gr_common/RLduino78/libraries/Wire/utility/twi.o
LOAD ./gr_common/RLduino78/portable/e2studio/RL78/interrupt_handlers.o
LOAD ./gr_common/RLduino78/portable/e2studio/RL78/vector_table.o
LOAD ./gr_common/RLduino78/portable/e2studio/RL78/reset_program.o
LOAD ./gr_common/RLduino78/libraries/EEPROM/utility/pfdl.a
LOAD ./gr_common/RLduino78/libraries/PicalicoFree/picalicoFree.a

.vec            0x00000000        0x2
 *(.vec)
 .vec           0x00000000        0x2 ./gr_common/RLduino78/portable/e2studio/RL78/reset_program.o

.ivec           0x00000004       0x7c
 *(.ivec)
 .ivec          0x00000004       0x7c ./gr_common/RLduino78/portable/e2studio/RL78/vector_table.o
                0x00000004                Vectors
 .ivec          0x00000080        0x0 ./gr_common/RLduino78/portable/e2studio/RL78/reset_program.o

.opt            0x000000c0        0x4
 *(.opt)
 .opt           0x000000c0        0x4 ./gr_common/RLduino78/portable/e2studio/RL78/vector_table.o
                0x000000c0                Option_Bytes

.security_id    0x000000c4        0xa
 *(.security_id)
 .security_id   0x000000c4        0xa ./gr_common/RLduino78/portable/e2studio/RL78/vector_table.o
                0x000000c4                Security_Id

PFDL_COD
 *(PFDL_COD)

.csstart        0x000000d8        0x4
 *(.csstart)
 .csstart       0x000000d8        0x4 ./gr_common/RLduino78/portable/e2studio/RL78/reset_program.o
                0x000000d8                _csstart

.lowtext        0x000000dc      0x408
 *(.plt)
 .plt           0x000000dc      0x408 ./gr_sketch.o
 *(.lowtext)

.data           0x000faf00      0x4ba load address 0x000004e4
                0x000faf00                . = ALIGN (0x2)
                0x000faf00                PROVIDE (__datastart, .)
 *(.jcr)
 .jcr           0x000faf00        0x0 C:/Renesas/e2studio/GNURL78v14.03-ELF/rl78-elf/lib/gcc/rl78-elf/4.8-GNURL78_v14.03/crtbegin.o
 .jcr           0x000faf00        0x2 C:/Renesas/e2studio/GNURL78v14.03-ELF/rl78-elf/lib/gcc/rl78-elf/4.8-GNURL78_v14.03/crtend.o
 *(.data.rel.ro.local)
 *(.data.rel.ro*)
 *(.dynamic)
 *(.data D .data.* .gnu.linkonce.d.*)
 .data.led_rgb_prev
                0x000faf02        0x2 ./gr_sketch.o
                0x000faf02                led_rgb_prev
 .data.led_rgb  0x000faf04        0x2 ./gr_sketch.o
                0x000faf04                led_rgb
 .data.zz_max   0x000faf06        0x4 ./gr_sketch.o
                0x000faf06                zz_max
 .data.zz_min   0x000faf0a        0x4 ./gr_sketch.o
                0x000faf0a                zz_min
 .data.yy_max   0x000faf0e        0x4 ./gr_sketch.o
                0x000faf0e                yy_max
 .data.yy_min   0x000faf12        0x4 ./gr_sketch.o
                0x000faf12                yy_min
 .data.xx_max   0x000faf16        0x4 ./gr_sketch.o
                0x000faf16                xx_max
 .data.xx_min   0x000faf1a        0x4 ./gr_sketch.o
                0x000faf1a                xx_min
 .data._ZL19g_u8SwPwmCounterNow
                0x000faf1e        0x1 ./gr_common/RLduino78/cores/RLduino78_basic.o
 .data._ZL11g_u8TonePin
                0x000faf1f        0x1 ./gr_common/RLduino78/cores/RLduino78_basic.o
 .data._ZL10g_u16TDR00
                0x000faf20        0x2 ./gr_common/RLduino78/cores/RLduino78_basic.o
 .data._ZN8SdVolume17cacheBlockNumber_E
                0x000faf22        0x4 ./gr_common/RLduino78/libraries/SD/utility/SdVolume.o
                0x000faf22                SdVolume::cacheBlockNumber_
 .data          0x000faf26        0x4 ./gr_common/RLduino78/portable/e2studio/RL78/reset_program.o
 .data._ZN10__cxxabiv120__unexpected_handlerE
                0x000faf2a        0x2 C:/Renesas/e2studio/GNURL78v14.03-ELF/rl78-elf/rl78-elf/lib\libstdc++.a(eh_unex_handler.o)
                0x000faf2a                __cxxabiv1::__unexpected_handler
 .data._ZN10__cxxabiv119__terminate_handlerE
                0x000faf2c        0x2 C:/Renesas/e2studio/GNURL78v14.03-ELF/rl78-elf/rl78-elf/lib\libstdc++.a(eh_term_handler.o)
                0x000faf2c                __cxxabiv1::__terminate_handler
 .data          0x000faf2e        0x2 C:/Renesas/e2studio/GNURL78v14.03-ELF/rl78-elf/rl78-elf/lib\libm.a(lib_a-s_lib_ver.o)
                0x000faf2e                __fdlib_version
 .data          0x000faf30      0x260 C:/Renesas/e2studio/GNURL78v14.03-ELF/rl78-elf/rl78-elf/lib\libc.a(lib_a-impure.o)
                0x000faf30                _impure_ptr
 .data          0x000fb190      0x22a C:/Renesas/e2studio/GNURL78v14.03-ELF/rl78-elf/rl78-elf/lib\libc.a(lib_a-mallocr.o)
                0x000fb190                __malloc_current_mallinfo
                0x000fb1a4                __malloc_max_total_mem
                0x000fb1a8                __malloc_max_sbrked_mem
                0x000fb1ac                __malloc_sbrk_base
                0x000fb1ae                __malloc_top_pad
                0x000fb1b2                __malloc_trim_threshold
                0x000fb1b6                __malloc_av_
 *reset_program.o(*.data)
 *(.gnu.linkonce.d.*personality*)
 *(.data1)
 *(.got.plt)
 *(.got)
                0x000fb3ba                . = ALIGN (0x2)
 *(.sdata .sdata.* .gnu.linkonce.s.* D_2 D_1)
                0x000fb3ba                . = ALIGN (0x2)
                0x000fb3ba                _edata = .
                0x000fb3ba                PROVIDE (edata, .)
                0x000fb3ba                PROVIDE (__dataend, .)
                0x000004e4                PROVIDE (__romdatastart, LOADADDR (.data))
                0x000004ba                PROVIDE (__romdatacopysize, SIZEOF (.data))

.tm_clone_table
                0x000fb3ba        0x0 load address 0x0000099e
 .tm_clone_table
                0x000fb3ba        0x0 C:/Renesas/e2studio/GNURL78v14.03-ELF/rl78-elf/lib/gcc/rl78-elf/4.8-GNURL78_v14.03/crtbegin.o
 .tm_clone_table
                0x000fb3ba        0x0 C:/Renesas/e2studio/GNURL78v14.03-ELF/rl78-elf/lib/gcc/rl78-elf/4.8-GNURL78_v14.03/crtend.o

.bss            0x000fb3ba      0x91e load address 0x0000099e
                0x000fb3ba                . = ALIGN (0x2)
                0x000fb3ba                PROVIDE (__bssstart, .)
 *(.dynbss)
 *(.sbss .sbss.*)
 *(.bss B B_2 B_1 .bss.* .gnu.linkonce.b.*)
 .bss.cntLoop   0x000fb3ba        0x2 ./gr_sketch.o
                0x000fb3ba                cntLoop
 .bss.led_b     0x000fb3bc        0x2 ./gr_sketch.o
                0x000fb3bc                led_b
 .bss.led_g     0x000fb3be        0x2 ./gr_sketch.o
                0x000fb3be                led_g
 .bss.led_r     0x000fb3c0        0x2 ./gr_sketch.o
                0x000fb3c0                led_r
 .bss.gtLedData
                0x000fb3c2       0xb4 ./gr_sketch.o
                0x000fb3c2                gtLedData
 .bss.zz        0x000fb476        0x4 ./gr_sketch.o
                0x000fb476                zz
 .bss.yy        0x000fb47a        0x4 ./gr_sketch.o
                0x000fb47a                yy
 .bss.xx        0x000fb47e        0x4 ./gr_sketch.o
                0x000fb47e                xx
 .bss.sdat      0x000fb482       0x15 ./gr_sketch.o
                0x000fb482                sdat
 *fill*         0x000fb497        0x1 
 .bss.Serial2   0x000fb498       0x12 ./gr_common/RLduino78/cores/HardwareSerial.o
                0x000fb498                Serial2
 .bss.Serial1   0x000fb4aa       0x12 ./gr_common/RLduino78/cores/HardwareSerial.o
                0x000fb4aa                Serial1
 .bss.Serial    0x000fb4bc       0x12 ./gr_common/RLduino78/cores/HardwareSerial.o
                0x000fb4bc                Serial
 .bss.tx_buffer2
                0x000fb4ce       0x44 ./gr_common/RLduino78/cores/HardwareSerial.o
                0x000fb4ce                tx_buffer2
 .bss.rx_buffer2
                0x000fb512       0x44 ./gr_common/RLduino78/cores/HardwareSerial.o
                0x000fb512                rx_buffer2
 .bss.tx_buffer1
                0x000fb556       0x44 ./gr_common/RLduino78/cores/HardwareSerial.o
                0x000fb556                tx_buffer1
 .bss.rx_buffer1
                0x000fb59a       0x44 ./gr_common/RLduino78/cores/HardwareSerial.o
                0x000fb59a                rx_buffer1
 .bss.tx_buffer
                0x000fb5de       0x44 ./gr_common/RLduino78/cores/HardwareSerial.o
                0x000fb5de                tx_buffer
 .bss.rx_buffer
                0x000fb622       0x44 ./gr_common/RLduino78/cores/HardwareSerial.o
                0x000fb622                rx_buffer
 .bss._ZL11INADDR_NONE
                0x000fb666        0x6 ./gr_common/RLduino78/cores/IPAddress.o
 .bss._ZL17g_u8SwPwmValueBuf
                0x000fb66c        0x4 ./gr_common/RLduino78/cores/RLduino78_basic.o
 .bss._ZL14g_u8SwPwmValue
                0x000fb670        0x4 ./gr_common/RLduino78/cores/RLduino78_basic.o
 .bss._ZL20g_u8SwPwmCounterNext
                0x000fb674        0x1 ./gr_common/RLduino78/cores/RLduino78_basic.o
 *fill*         0x000fb675        0x1 
 .bss._ZL30g_au32CyclicHandlerPerformTime
                0x000fb676       0x20 ./gr_common/RLduino78/cores/RLduino78_basic.o
 .bss._ZL16g_au32CyclicTime
                0x000fb696       0x20 ./gr_common/RLduino78/cores/RLduino78_basic.o
 .bss._ZL17g_afCyclicHandler
                0x000fb6b6       0x10 ./gr_common/RLduino78/cores/RLduino78_basic.o
 .bss._ZL22g_afInterruptFuncTable
                0x000fb6c6        0x4 ./gr_common/RLduino78/cores/RLduino78_basic.o
 .bss._ZL23g_u32ToneInterruptCount
                0x000fb6ca        0x4 ./gr_common/RLduino78/cores/RLduino78_basic.o
 .bss._ZL17g_u32ToneDuration
                0x000fb6ce        0x4 ./gr_common/RLduino78/cores/RLduino78_basic.o
 .bss._ZL14g_u8ToneToggle
                0x000fb6d2        0x1 ./gr_common/RLduino78/cores/RLduino78_basic.o
 .bss._ZL19g_bAdcInterruptFlag
                0x000fb6d3        0x1 ./gr_common/RLduino78/cores/RLduino78_basic.o
 .bss._ZL22g_u8OperationClockMode
                0x000fb6d4        0x1 ./gr_common/RLduino78/cores/RLduino78_basic.o
 .bss._ZL23g_u8PowerManagementMode
                0x000fb6d5        0x1 ./gr_common/RLduino78/cores/RLduino78_basic.o
 .bss._ZL29g_u8AnalogWriteAvailableTable
                0x000fb6d6       0x19 ./gr_common/RLduino78/cores/RLduino78_basic.o
 .bss.g_u8ResetFlag
                0x000fb6ef        0x1 ./gr_common/RLduino78/cores/RLduino78_main.o
                0x000fb6ef                g_u8ResetFlag
 .bss._ZL19g_fRTCInterruptFunc
                0x000fb6f0        0x2 ./gr_common/RLduino78/cores/RLduino78_RTC.o
 .bss._ZL11INADDR_NONE
                0x000fb6f2        0x6 ./gr_common/RLduino78/libraries/Ethernet/Dhcp.o
 .bss._ZL11INADDR_NONE
                0x000fb6f8        0x6 ./gr_common/RLduino78/libraries/Ethernet/Dns.o
 .bss.Ethernet  0x000fb6fe        0x8 ./gr_common/RLduino78/libraries/Ethernet/Ethernet.o
                0x000fb6fe                Ethernet
 .bss._ZL11INADDR_NONE
                0x000fb706        0x6 ./gr_common/RLduino78/libraries/Ethernet/Ethernet.o
 .bss._ZL11INADDR_NONE
                0x000fb70c        0x6 ./gr_common/RLduino78/libraries/Ethernet/EthernetClient.o
 .bss._ZL11INADDR_NONE
                0x000fb712        0x6 ./gr_common/RLduino78/libraries/Ethernet/EthernetServer.o
 .bss._ZL11INADDR_NONE
                0x000fb718        0x6 ./gr_common/RLduino78/libraries/Ethernet/EthernetUdp.o
 .bss._ZL11INADDR_NONE
                0x000fb71e        0x6 ./gr_common/RLduino78/libraries/Ethernet/Twitter.o
 .bss.Firmata   0x000fb724       0x3c ./gr_common/RLduino78/libraries/Firmata/Firmata.o
                0x000fb724                Firmata
 .bss.SD        0x000fb760       0x50 ./gr_common/RLduino78/libraries/SD/SD.o
                0x000fb760                SD
 .bss._ZN6SdFile9dateTime_E
                0x000fb7b0        0x2 ./gr_common/RLduino78/libraries/SD/utility/SdFile.o
                0x000fb7b0                SdFile::dateTime_
 .bss._ZN8SdVolume17cacheMirrorBlock_E
                0x000fb7b2        0x4 ./gr_common/RLduino78/libraries/SD/utility/SdVolume.o
                0x000fb7b2                SdVolume::cacheMirrorBlock_
 .bss._ZN8SdVolume11cacheDirty_E
                0x000fb7b6        0x1 ./gr_common/RLduino78/libraries/SD/utility/SdVolume.o
                0x000fb7b6                SdVolume::cacheDirty_
 *fill*         0x000fb7b7        0x1 
 .bss._ZN8SdVolume7sdCard_E
                0x000fb7b8        0x2 ./gr_common/RLduino78/libraries/SD/utility/SdVolume.o
                0x000fb7b8                SdVolume::sdCard_
 .bss._ZN8SdVolume12cacheBuffer_E
                0x000fb7ba      0x206 ./gr_common/RLduino78/libraries/SD/utility/SdVolume.o
                0x000fb7ba                SdVolume::cacheBuffer_
 .bss.totalTicks
                0x000fb9c0        0x2 ./gr_common/RLduino78/libraries/Servo/Servo.o
                0x000fb9c0                totalTicks
 .bss.ServoCount
                0x000fb9c2        0x1 ./gr_common/RLduino78/libraries/Servo/Servo.o
                0x000fb9c2                ServoCount
 .bss._ZL7Channel
                0x000fb9c3        0x1 ./gr_common/RLduino78/libraries/Servo/Servo.o
 .bss._ZL6servos
                0x000fb9c4       0x30 ./gr_common/RLduino78/libraries/Servo/Servo.o
 .bss.Wire      0x000fb9f4        0xc ./gr_common/RLduino78/libraries/Wire/Wire.o
                0x000fb9f4                Wire
 .bss._ZN7TwoWire12transmittingE
                0x000fba00        0x1 ./gr_common/RLduino78/libraries/Wire/Wire.o
                0x000fba00                TwoWire::transmitting
 .bss._ZN7TwoWire14txBufferLengthE
                0x000fba01        0x1 ./gr_common/RLduino78/libraries/Wire/Wire.o
                0x000fba01                TwoWire::txBufferLength
 .bss._ZN7TwoWire13txBufferIndexE
                0x000fba02        0x1 ./gr_common/RLduino78/libraries/Wire/Wire.o
                0x000fba02                TwoWire::txBufferIndex
 .bss._ZN7TwoWire8txBufferE
                0x000fba03       0x20 ./gr_common/RLduino78/libraries/Wire/Wire.o
                0x000fba03                TwoWire::txBuffer
 .bss._ZN7TwoWire9txAddressE
                0x000fba23        0x1 ./gr_common/RLduino78/libraries/Wire/Wire.o
                0x000fba23                TwoWire::txAddress
 .bss._ZN7TwoWire14rxBufferLengthE
                0x000fba24        0x1 ./gr_common/RLduino78/libraries/Wire/Wire.o
                0x000fba24                TwoWire::rxBufferLength
 .bss._ZN7TwoWire13rxBufferIndexE
                0x000fba25        0x1 ./gr_common/RLduino78/libraries/Wire/Wire.o
                0x000fba25                TwoWire::rxBufferIndex
 .bss._ZN7TwoWire8rxBufferE
                0x000fba26       0x20 ./gr_common/RLduino78/libraries/Wire/Wire.o
                0x000fba26                TwoWire::rxBuffer
 .bss.g_fITInterruptFunc
                0x000fba46        0x2 ./gr_common/RLduino78/cores/RLduino78_timer.o
                0x000fba46                g_fITInterruptFunc
 .bss.g_timer05_overflow_count
                0x000fba48        0x4 ./gr_common/RLduino78/cores/RLduino78_timer.o
                0x000fba48                g_timer05_overflow_count
 .bss.g_u32delay_timer
                0x000fba4c        0x4 ./gr_common/RLduino78/cores/RLduino78_timer.o
                0x000fba4c                g_u32delay_timer
 .bss.g_u32timer_millis
                0x000fba50        0x4 ./gr_common/RLduino78/cores/RLduino78_timer.o
                0x000fba50                g_u32timer_millis
 .bss.i2cSlaveReciver
                0x000fba54        0x1 ./gr_common/RLduino78/libraries/Wire/utility/twi.o
 .bss.slaveAddress
                0x000fba55        0x1 ./gr_common/RLduino78/libraries/Wire/utility/twi.o
 .bss.i2cStop   0x000fba56        0x1 ./gr_common/RLduino78/libraries/Wire/utility/twi.o
 .bss.twi_error
                0x000fba57        0x1 ./gr_common/RLduino78/libraries/Wire/utility/twi.o
 .bss.twi_rxBufferIndex
                0x000fba58        0x1 ./gr_common/RLduino78/libraries/Wire/utility/twi.o
 .bss.twi_rxBuffer
                0x000fba59       0x20 ./gr_common/RLduino78/libraries/Wire/utility/twi.o
 .bss.twi_txBufferLength
                0x000fba79        0x1 ./gr_common/RLduino78/libraries/Wire/utility/twi.o
 .bss.twi_txBufferIndex
                0x000fba7a        0x1 ./gr_common/RLduino78/libraries/Wire/utility/twi.o
 .bss.twi_txBuffer
                0x000fba7b       0x20 ./gr_common/RLduino78/libraries/Wire/utility/twi.o
 .bss.twi_masterBufferLength
                0x000fba9b        0x1 ./gr_common/RLduino78/libraries/Wire/utility/twi.o
 .bss.twi_masterBufferIndex
                0x000fba9c        0x1 ./gr_common/RLduino78/libraries/Wire/utility/twi.o
 .bss.twi_masterBuffer
                0x000fba9d       0x20 ./gr_common/RLduino78/libraries/Wire/utility/twi.o
 *fill*         0x000fbabd        0x1 
 .bss.twi_onSlaveReceive
                0x000fbabe        0x2 ./gr_common/RLduino78/libraries/Wire/utility/twi.o
 .bss.twi_onSlaveTransmit
                0x000fbac0        0x2 ./gr_common/RLduino78/libraries/Wire/utility/twi.o
 .bss.twi_inRepStart
                0x000fbac2        0x1 ./gr_common/RLduino78/libraries/Wire/utility/twi.o
 .bss.twi_sendStop
                0x000fbac3        0x1 ./gr_common/RLduino78/libraries/Wire/utility/twi.o
 .bss.twi_slarw
                0x000fbac4        0x1 ./gr_common/RLduino78/libraries/Wire/utility/twi.o
 .bss.twi_state
                0x000fbac5        0x1 ./gr_common/RLduino78/libraries/Wire/utility/twi.o
 .bss.INT_TM_HOOK
                0x000fbac6        0x2 ./gr_common/RLduino78/portable/e2studio/RL78/interrupt_handlers.o
                0x000fbac6                INT_TM_HOOK
 .bss           0x000fbac8        0x0 ./gr_common/RLduino78/portable/e2studio/RL78/reset_program.o
 .bss           0x000fbac8        0x4 C:/Renesas/e2studio/GNURL78v14.03-ELF/rl78-elf/lib/gcc/rl78-elf/4.8-GNURL78_v14.03/crtbegin.o
 .bss._ZL14emergency_used
                0x000fbacc        0x2 C:/Renesas/e2studio/GNURL78v14.03-ELF/rl78-elf/rl78-elf/lib\libstdc++.a(eh_alloc.o)
 .bss._ZL16emergency_buffer
                0x000fbace      0x200 C:/Renesas/e2studio/GNURL78v14.03-ELF/rl78-elf/rl78-elf/lib\libstdc++.a(eh_alloc.o)
 .bss._ZL10eh_globals
                0x000fbcce        0x4 C:/Renesas/e2studio/GNURL78v14.03-ELF/rl78-elf/rl78-elf/lib\libstdc++.a(eh_globals.o)
 .bss.fc_static
                0x000fbcd2        0x2 C:/Renesas/e2studio/GNURL78v14.03-ELF/rl78-elf/lib/gcc/rl78-elf/4.8-GNURL78_v14.03\libgcc.a(unwind-sjlj.o)
 .bss           0x000fbcd4        0x2 C:/Renesas/e2studio/GNURL78v14.03-ELF/rl78-elf/rl78-elf/lib\libnosys.a(sbrk.o)
 *reset_program.o(.bss)
                0x000fbcd6                . = ALIGN (0x2)
 *(COMMON)
 COMMON         0x000fbcd6        0x2 C:/Renesas/e2studio/GNURL78v14.03-ELF/rl78-elf/rl78-elf/lib\libnosys.a(errno.o)
                0x000fbcd6                errno
                0x000fbcd8                . = ALIGN (0x2)
                0x000fbcd8                PROVIDE (__bssend, .)
                0x000fbcd8                _end = .
                0x000fbcd8                PROVIDE (end, .)
                0x0000091e                PROVIDE (__bsssize, SIZEOF (.bss))

.stack          0x000ffee0        0x0
                0x000ffee0                PROVIDE (__stack, .)
 *(.stack)

.rodata         0x00003000      0x3c4
                0x00003000                . = ALIGN (0x2)
 *(.plt)
 *(.rodata C C_2 C_1 .rodata.* .gnu.linkonce.r.*)
 .rodata        0x00003000       0x18 ./gr_sketch.o
 .rodata._ZTI6Stream
                0x00003018        0x6 ./gr_common/RLduino78/cores/HardwareSerial.o
                0x00003018                typeinfo for Stream
 .rodata._ZTS6Stream
                0x0000301e        0x8 ./gr_common/RLduino78/cores/HardwareSerial.o
                0x0000301e                typeinfo name for Stream
 .rodata._ZTS14HardwareSerial
                0x00003026       0x11 ./gr_common/RLduino78/cores/HardwareSerial.o
                0x00003026                typeinfo name for HardwareSerial
 *fill*         0x00003037        0x1 
 .rodata._ZTI14HardwareSerial
                0x00003038        0x6 ./gr_common/RLduino78/cores/HardwareSerial.o
                0x00003038                typeinfo for HardwareSerial
 .rodata._ZTV14HardwareSerial
                0x0000303e       0x10 ./gr_common/RLduino78/cores/HardwareSerial.o
                0x0000303e                vtable for HardwareSerial
 .rodata._ZTI9Printable
                0x0000304e        0x4 ./gr_common/RLduino78/cores/IPAddress.o
                0x0000304e                typeinfo for Printable
 .rodata._ZTS9Printable
                0x00003052        0xb ./gr_common/RLduino78/cores/IPAddress.o
                0x00003052                typeinfo name for Printable
 .rodata._ZTS9IPAddress
                0x0000305d        0xb ./gr_common/RLduino78/cores/IPAddress.o
                0x0000305d                typeinfo name for IPAddress
 .rodata._ZTI9IPAddress
                0x00003068        0x6 ./gr_common/RLduino78/cores/IPAddress.o
                0x00003068                typeinfo for IPAddress
 .rodata._ZTV9IPAddress
                0x0000306e        0x6 ./gr_common/RLduino78/cores/IPAddress.o
                0x0000306e                vtable for IPAddress
 .rodata._ZTS5Print
                0x00003074        0x7 ./gr_common/RLduino78/cores/Print.o
                0x00003074                typeinfo name for Print
 *fill*         0x0000307b        0x1 
 .rodata._ZTI5Print
                0x0000307c        0x4 ./gr_common/RLduino78/cores/Print.o
                0x0000307c                typeinfo for Print
 .rodata._ZL18g_au8TimerPinTable
                0x00003080       0x19 ./gr_common/RLduino78/cores/RLduino78_basic.o
 .rodata._ZL24g_au8DigitalPinMaskTable
                0x00003099       0x19 ./gr_common/RLduino78/cores/RLduino78_basic.o
 .rodata._ZL21g_au8DigitalPortTable
                0x000030b2       0x19 ./gr_common/RLduino78/cores/RLduino78_basic.o
 .rodata._ZL23g_au8SwPmwNumToPinTable
                0x000030cb        0x4 ./gr_common/RLduino78/cores/RLduino78_basic.o
 .rodata._ZTS6SdFile
                0x000030cf        0x8 ./gr_common/RLduino78/libraries/SD/utility/SdFile.o
                0x000030cf                typeinfo name for SdFile
 *fill*         0x000030d7        0x1 
 .rodata._ZTI6SdFile
                0x000030d8        0x6 ./gr_common/RLduino78/libraries/SD/utility/SdFile.o
                0x000030d8                typeinfo for SdFile
 .rodata._ZTV6SdFile
                0x000030de        0x8 ./gr_common/RLduino78/libraries/SD/utility/SdFile.o
                0x000030de                vtable for SdFile
 .rodata._ZTS7TwoWire
                0x000030e6        0x9 ./gr_common/RLduino78/libraries/Wire/Wire.o
                0x000030e6                typeinfo name for TwoWire
 *fill*         0x000030ef        0x1 
 .rodata._ZTI7TwoWire
                0x000030f0        0x6 ./gr_common/RLduino78/libraries/Wire/Wire.o
                0x000030f0                typeinfo for TwoWire
 .rodata._ZTV7TwoWire
                0x000030f6       0x10 ./gr_common/RLduino78/libraries/Wire/Wire.o
                0x000030f6                vtable for TwoWire
 .rodata._ZTSN10__cxxabiv120__si_class_type_infoE
                0x00003106       0x25 C:/Renesas/e2studio/GNURL78v14.03-ELF/rl78-elf/rl78-elf/lib\libstdc++.a(si_class_type_info.o)
                0x00003106                typeinfo name for __cxxabiv1::__si_class_type_info
 *fill*         0x0000312b        0x1 
 .rodata._ZTIN10__cxxabiv120__si_class_type_infoE
                0x0000312c        0x6 C:/Renesas/e2studio/GNURL78v14.03-ELF/rl78-elf/rl78-elf/lib\libstdc++.a(si_class_type_info.o)
                0x0000312c                typeinfo for __cxxabiv1::__si_class_type_info
 .rodata._ZTVN10__cxxabiv120__si_class_type_infoE
                0x00003132       0x16 C:/Renesas/e2studio/GNURL78v14.03-ELF/rl78-elf/rl78-elf/lib\libstdc++.a(si_class_type_info.o)
                0x00003132                vtable for __cxxabiv1::__si_class_type_info
 .rodata._ZTSN10__cxxabiv117__class_type_infoE
                0x00003148       0x22 C:/Renesas/e2studio/GNURL78v14.03-ELF/rl78-elf/rl78-elf/lib\libstdc++.a(class_type_info.o)
                0x00003148                typeinfo name for __cxxabiv1::__class_type_info
 .rodata._ZTIN10__cxxabiv117__class_type_infoE
                0x0000316a        0x6 C:/Renesas/e2studio/GNURL78v14.03-ELF/rl78-elf/rl78-elf/lib\libstdc++.a(class_type_info.o)
                0x0000316a                typeinfo for __cxxabiv1::__class_type_info
 .rodata._ZTVN10__cxxabiv117__class_type_infoE
                0x00003170       0x16 C:/Renesas/e2studio/GNURL78v14.03-ELF/rl78-elf/rl78-elf/lib\libstdc++.a(class_type_info.o)
                0x00003170                vtable for __cxxabiv1::__class_type_info
 .rodata        0x00003186       0x22 C:/Renesas/e2studio/GNURL78v14.03-ELF/rl78-elf/rl78-elf/lib\libstdc++.a(eh_exception.o)
 .rodata._ZTSSt9exception
                0x000031a8        0xd C:/Renesas/e2studio/GNURL78v14.03-ELF/rl78-elf/rl78-elf/lib\libstdc++.a(eh_exception.o)
                0x000031a8                typeinfo name for std::exception
 *fill*         0x000031b5        0x1 
 .rodata._ZTISt9exception
                0x000031b6        0x4 C:/Renesas/e2studio/GNURL78v14.03-ELF/rl78-elf/rl78-elf/lib\libstdc++.a(eh_exception.o)
                0x000031b6                typeinfo for std::exception
 .rodata._ZTSSt13bad_exception
                0x000031ba       0x12 C:/Renesas/e2studio/GNURL78v14.03-ELF/rl78-elf/rl78-elf/lib\libstdc++.a(eh_exception.o)
                0x000031ba                typeinfo name for std::bad_exception
 .rodata._ZTISt13bad_exception
                0x000031cc        0x6 C:/Renesas/e2studio/GNURL78v14.03-ELF/rl78-elf/rl78-elf/lib\libstdc++.a(eh_exception.o)
                0x000031cc                typeinfo for std::bad_exception
 .rodata._ZTSN10__cxxabiv115__forced_unwindE
                0x000031d2       0x20 C:/Renesas/e2studio/GNURL78v14.03-ELF/rl78-elf/rl78-elf/lib\libstdc++.a(eh_exception.o)
                0x000031d2                typeinfo name for __cxxabiv1::__forced_unwind
 .rodata._ZTIN10__cxxabiv115__forced_unwindE
                0x000031f2        0x4 C:/Renesas/e2studio/GNURL78v14.03-ELF/rl78-elf/rl78-elf/lib\libstdc++.a(eh_exception.o)
                0x000031f2                typeinfo for __cxxabiv1::__forced_unwind
 .rodata._ZTSN10__cxxabiv119__foreign_exceptionE
                0x000031f6       0x24 C:/Renesas/e2studio/GNURL78v14.03-ELF/rl78-elf/rl78-elf/lib\libstdc++.a(eh_exception.o)
                0x000031f6                typeinfo name for __cxxabiv1::__foreign_exception
 .rodata._ZTIN10__cxxabiv119__foreign_exceptionE
                0x0000321a        0x4 C:/Renesas/e2studio/GNURL78v14.03-ELF/rl78-elf/rl78-elf/lib\libstdc++.a(eh_exception.o)
                0x0000321a                typeinfo for __cxxabiv1::__foreign_exception
 .rodata._ZTVSt9exception
                0x0000321e        0xa C:/Renesas/e2studio/GNURL78v14.03-ELF/rl78-elf/rl78-elf/lib\libstdc++.a(eh_exception.o)
                0x0000321e                vtable for std::exception
 .rodata._ZTVSt13bad_exception
                0x00003228        0xa C:/Renesas/e2studio/GNURL78v14.03-ELF/rl78-elf/rl78-elf/lib\libstdc++.a(eh_exception.o)
                0x00003228                vtable for std::bad_exception
 .rodata._ZTSSt9type_info
                0x00003232        0xd C:/Renesas/e2studio/GNURL78v14.03-ELF/rl78-elf/rl78-elf/lib\libstdc++.a(tinfo.o)
                0x00003232                typeinfo name for std::type_info
 *fill*         0x0000323f        0x1 
 .rodata._ZTISt9type_info
                0x00003240        0x4 C:/Renesas/e2studio/GNURL78v14.03-ELF/rl78-elf/rl78-elf/lib\libstdc++.a(tinfo.o)
                0x00003240                typeinfo for std::type_info
 .rodata._ZTVSt9type_info
                0x00003244       0x10 C:/Renesas/e2studio/GNURL78v14.03-ELF/rl78-elf/rl78-elf/lib\libstdc++.a(tinfo.o)
                0x00003244                vtable for std::type_info
 .rodata        0x00003254        0x6 C:/Renesas/e2studio/GNURL78v14.03-ELF/rl78-elf/rl78-elf/lib\libm.a(lib_a-wf_sqrt.o)
 .rodata        0x0000325a        0x4 C:/Renesas/e2studio/GNURL78v14.03-ELF/rl78-elf/rl78-elf/lib\libc.a(lib_a-impure.o)
                0x0000325a                _global_impure_ptr
 .rodata.__thenan_sf
                0x0000325e        0xa C:/Renesas/e2studio/GNURL78v14.03-ELF/rl78-elf/lib/gcc/rl78-elf/4.8-GNURL78_v14.03\libgcc.a(_thenan_sf.o)
                0x0000325e                __thenan_sf
 .rodata.__clz_tab
                0x00003268      0x100 C:/Renesas/e2studio/GNURL78v14.03-ELF/rl78-elf/lib/gcc/rl78-elf/4.8-GNURL78_v14.03\libgcc.a(_clz.o)
                0x00003268                __clz_tab
 *(.rodata1)
 *(.eh_frame_hdr)
 *(.eh_frame)
 *(.gcc_except_table)
 *(.gcc_except_table.*)
 .gcc_except_table._ZN10__cxxabiv111__terminateEPFvvE
                0x00003368       0x18 C:/Renesas/e2studio/GNURL78v14.03-ELF/rl78-elf/rl78-elf/lib\libstdc++.a(eh_terminate.o)
 .gcc_except_table.__gxx_personality_sj0
                0x00003380       0x10 C:/Renesas/e2studio/GNURL78v14.03-ELF/rl78-elf/rl78-elf/lib\libstdc++.a(eh_personality.o)
 .gcc_except_table.__cxa_call_unexpected
                0x00003390       0x10 C:/Renesas/e2studio/GNURL78v14.03-ELF/rl78-elf/rl78-elf/lib\libstdc++.a(eh_personality.o)
                0x000033a0                PROVIDE (__preinit_array_start, .)
 *(.preinit_array)
                0x000033a0                PROVIDE (__preinit_array_end, .)
                0x000033a0                PROVIDE (__init_array_start, .)
 *(SORT(.init_array.*))
 *(.init_array)
                0x000033a0                PROVIDE (__init_array_end, .)
                0x000033a0                PROVIDE (__fini_array_start, .)
 *(.fini_array)
 *(SORT(.fini_array.*))
                0x000033a0                PROVIDE (__fini_array_end, .)
                0x000033a0        0x4 LONG 0x0
 *crtbegin*.o(.ctors)
 .ctors         0x000033a4        0x2 C:/Renesas/e2studio/GNURL78v14.03-ELF/rl78-elf/lib/gcc/rl78-elf/4.8-GNURL78_v14.03/crtbegin.o
 *(EXCLUDE_FILE(*crtend*.o) .ctors)
 .ctors         0x000033a6        0x2 ./gr_common/RLduino78/cores/HardwareSerial.o
 .ctors         0x000033a8        0x2 ./gr_common/RLduino78/cores/IPAddress.o
 .ctors         0x000033aa        0x2 ./gr_common/RLduino78/libraries/Ethernet/Dhcp.o
 .ctors         0x000033ac        0x2 ./gr_common/RLduino78/libraries/Ethernet/Dns.o
 .ctors         0x000033ae        0x2 ./gr_common/RLduino78/libraries/Ethernet/Ethernet.o
 .ctors         0x000033b0        0x2 ./gr_common/RLduino78/libraries/Ethernet/EthernetClient.o
 .ctors         0x000033b2        0x2 ./gr_common/RLduino78/libraries/Ethernet/EthernetServer.o
 .ctors         0x000033b4        0x2 ./gr_common/RLduino78/libraries/Ethernet/EthernetUdp.o
 .ctors         0x000033b6        0x2 ./gr_common/RLduino78/libraries/Ethernet/Twitter.o
 .ctors         0x000033b8        0x2 ./gr_common/RLduino78/libraries/Firmata/Firmata.o
 .ctors         0x000033ba        0x2 ./gr_common/RLduino78/libraries/SD/SD.o
 .ctors         0x000033bc        0x2 ./gr_common/RLduino78/libraries/Wire/Wire.o
 *(SORT(.ctors.*))
 *(.ctors)
 .ctors         0x000033be        0x2 C:/Renesas/e2studio/GNURL78v14.03-ELF/rl78-elf/lib/gcc/rl78-elf/4.8-GNURL78_v14.03/crtend.o
 *crtbegin*.o(.dtors)
 .dtors         0x000033c0        0x2 C:/Renesas/e2studio/GNURL78v14.03-ELF/rl78-elf/lib/gcc/rl78-elf/4.8-GNURL78_v14.03/crtbegin.o
 *(EXCLUDE_FILE(*crtend*.o) .dtors)
 *(SORT(.dtors.*))
 *(.dtors)
 .dtors         0x000033c2        0x2 C:/Renesas/e2studio/GNURL78v14.03-ELF/rl78-elf/lib/gcc/rl78-elf/4.8-GNURL78_v14.03/crtend.o
                0x000033c2                __DTOR_END__

.text           0x000033c4     0xc0c0
                0x000033c4                PROVIDE (_start, .)
 *(.text P .stub .text.* .gnu.linkonce.t.*)
 .text._Z6MyInt1v
                0x000033c4       0x14 ./gr_sketch.o
                0x000033c4                MyInt1()
 .text._ZN7TwoWire5writeEi
                0x000033d8       0x25 ./gr_sketch.o
                0x000033d8                TwoWire::write(int)
 .text._Z11set_LED_RGBv
                0x000033fd      0x1a0 ./gr_sketch.o
                0x000033fd                set_LED_RGB()
 .text._Z6SetLedv
                0x0000359d      0xaad ./gr_sketch.o
                0x0000359d                SetLed()
 .text._Z6readmxv
                0x0000404a       0x8b ./gr_sketch.o
                0x0000404a                readmx()
 .text._Z6readmyv
                0x000040d5       0x8b ./gr_sketch.o
                0x000040d5                readmy()
 .text._Z6readmzv
                0x00004160       0x8b ./gr_sketch.o
                0x00004160                readmz()
 .text._Z6configv
                0x000041eb      0x14b ./gr_sketch.o
                0x000041eb                config()
 .text.setup    0x00004336       0x96 ./gr_sketch.o
                0x00004336                setup
 .text._Z7readAllv
                0x000043cc       0xfb ./gr_sketch.o
                0x000043cc                readAll()
 .text._Z12print_valuesv
                0x000044c7      0x4f5 ./gr_sketch.o
                0x000044c7                print_values()
 .text.loop     0x000049bc      0x1d0 ./gr_sketch.o
                0x000049bc                loop
 .text._ZN14HardwareSerial9availableEv
                0x00004b8c       0x25 ./gr_common/RLduino78/cores/HardwareSerial.o
                0x00004b8c                HardwareSerial::available()
 .text._ZN14HardwareSerial4peekEv
                0x00004bb1       0x3d ./gr_common/RLduino78/cores/HardwareSerial.o
                0x00004bb1                HardwareSerial::peek()
 .text._ZN14HardwareSerial4readEv
                0x00004bee       0x53 ./gr_common/RLduino78/cores/HardwareSerial.o
                0x00004bee                HardwareSerial::read()
 .text._ZN14HardwareSerial5flushEv
                0x00004c41       0x1f ./gr_common/RLduino78/cores/HardwareSerial.o
                0x00004c41                HardwareSerial::flush()
 .text._ZN14HardwareSerial5writeEh
                0x00004c60      0x120 ./gr_common/RLduino78/cores/HardwareSerial.o
                0x00004c60                HardwareSerial::write(unsigned char)
 .text._Z10store_charhP11ring_buffer
                0x00004d80       0x3e ./gr_common/RLduino78/cores/HardwareSerial.o
                0x00004d80                store_char(unsigned char, ring_buffer*)
 .text.uart_rx_interrupt
                0x00004dbe       0x13 ./gr_common/RLduino78/cores/HardwareSerial.o
                0x00004dbe                uart_rx_interrupt
 .text.uart1_rx_interrupt
                0x00004dd1       0x13 ./gr_common/RLduino78/cores/HardwareSerial.o
                0x00004dd1                uart1_rx_interrupt
 .text.uart2_rx_interrupt
                0x00004de4       0x13 ./gr_common/RLduino78/cores/HardwareSerial.o
                0x00004de4                uart2_rx_interrupt
 .text.uart_tx_interrupt
                0x00004df7       0x33 ./gr_common/RLduino78/cores/HardwareSerial.o
                0x00004df7                uart_tx_interrupt
 .text.uart1_tx_interrupt
                0x00004e2a       0x33 ./gr_common/RLduino78/cores/HardwareSerial.o
                0x00004e2a                uart1_tx_interrupt
 .text.uart2_tx_interrupt
                0x00004e5d       0x33 ./gr_common/RLduino78/cores/HardwareSerial.o
                0x00004e5d                uart2_tx_interrupt
 .text.uart_error_interrupt
                0x00004e90        0xa ./gr_common/RLduino78/cores/HardwareSerial.o
                0x00004e90                uart_error_interrupt
 .text.uart1_error_interrupt
                0x00004e9a        0xa ./gr_common/RLduino78/cores/HardwareSerial.o
                0x00004e9a                uart1_error_interrupt
 .text.uart2_error_interrupt
                0x00004ea4        0xa ./gr_common/RLduino78/cores/HardwareSerial.o
                0x00004ea4                uart2_error_interrupt
 .text._ZN14HardwareSerial10uart_init1Ev
                0x00004eae      0x108 ./gr_common/RLduino78/cores/HardwareSerial.o
                0x00004eae                HardwareSerial::uart_init1()
 .text._ZN14HardwareSerial10uart_init2Ev
                0x00004fb6       0xf6 ./gr_common/RLduino78/cores/HardwareSerial.o
                0x00004fb6                HardwareSerial::uart_init2()
 .text._ZN14HardwareSerial5beginEm
                0x000050ac      0x1a3 ./gr_common/RLduino78/cores/HardwareSerial.o
                0x000050ac                HardwareSerial::begin(unsigned long)
 .text.startup._GLOBAL__sub_I_rx_buffer
                0x0000524f       0x80 ./gr_common/RLduino78/cores/HardwareSerial.o
 .text._ZNK9IPAddress7printToER5Print
                0x000052cf       0x7f ./gr_common/RLduino78/cores/IPAddress.o
                0x000052cf                IPAddress::printTo(Print&) const
 .text._ZN9IPAddressC2Ev
                0x0000534e       0x26 ./gr_common/RLduino78/cores/IPAddress.o
                0x0000534e                IPAddress::IPAddress()
                0x0000534e                IPAddress::IPAddress()
 .text._ZN9IPAddressC2Ehhhh
                0x00005374       0x25 ./gr_common/RLduino78/cores/IPAddress.o
                0x00005374                IPAddress::IPAddress(unsigned char, unsigned char, unsigned char, unsigned char)
                0x00005374                IPAddress::IPAddress(unsigned char, unsigned char, unsigned char, unsigned char)
 .text.startup._GLOBAL__sub_I__ZN9IPAddressC2Ev
                0x00005399       0x1a ./gr_common/RLduino78/cores/IPAddress.o
 .text._ZN5Print5writeEPKhj
                0x000053b3       0x5a ./gr_common/RLduino78/cores/Print.o
                0x000053b3                Print::write(unsigned char const*, unsigned int)
 .text._ZN5Print5writeEPKc
                0x0000540d       0x49 ./gr_common/RLduino78/cores/Print.o
                0x0000540d                Print::write(char const*)
 .text._ZN5Print5printEPKc
                0x00005456       0x11 ./gr_common/RLduino78/cores/Print.o
                0x00005456                Print::print(char const*)
 .text._ZN5Print5printEc
                0x00005467       0x25 ./gr_common/RLduino78/cores/Print.o
                0x00005467                Print::print(char)
 .text._ZN5Print11printNumberEmh
                0x0000548c       0xc7 ./gr_common/RLduino78/cores/Print.o
                0x0000548c                Print::printNumber(unsigned long, unsigned char)
 .text._ZN5Print5printEli
                0x00005553       0xd3 ./gr_common/RLduino78/cores/Print.o
                0x00005553                Print::print(long, int)
 .text._ZN5Print5printEii
                0x00005626       0x1f ./gr_common/RLduino78/cores/Print.o
                0x00005626                Print::print(int, int)
 .text._ZN5Print5printEmi
                0x00005645       0x5e ./gr_common/RLduino78/cores/Print.o
                0x00005645                Print::print(unsigned long, int)
 .text._ZN5Print5printEhi
                0x000056a3       0x1e ./gr_common/RLduino78/cores/Print.o
                0x000056a3                Print::print(unsigned char, int)
 .text          0x000056c1        0x9 ./gr_common/RLduino78/cores/RLduino78_basic.o
 .text._ZL18_startTimerChannelhttbb
                0x000056ca      0x22b ./gr_common/RLduino78/cores/RLduino78_basic.o
 .text._ZL17_stopTimerChannelh
                0x000058f5      0x105 ./gr_common/RLduino78/cores/RLduino78_basic.o
 .text._ZL24enterPowerManagementModem
                0x000059fa       0xd7 ./gr_common/RLduino78/cores/RLduino78_basic.o
 .text._ZL9_stopTAU0v
                0x00005ad1       0x20 ./gr_common/RLduino78/cores/RLduino78_basic.o
 .text._ZL11_turnOffPWMh
                0x00005af1       0xd4 ./gr_common/RLduino78/cores/RLduino78_basic.o
 .text._ZL10_startTAU0t.constprop.10
                0x00005bc5       0x1e ./gr_common/RLduino78/cores/RLduino78_basic.o
 .text._Z20initArduinoFrameworkv
                0x00005be3        0x5 ./gr_common/RLduino78/cores/RLduino78_basic.o
                0x00005be3                initArduinoFramework()
 .text._Z17execCyclicHandlerv
                0x00005be8       0xbc ./gr_common/RLduino78/cores/RLduino78_basic.o
                0x00005be8                execCyclicHandler()
 .text.millis   0x00005ca4       0x13 ./gr_common/RLduino78/cores/RLduino78_basic.o
                0x00005ca4                millis
 .text.micros   0x00005cb7      0x200 ./gr_common/RLduino78/cores/RLduino78_basic.o
                0x00005cb7                micros
 .text.delay    0x00005eb7       0x75 ./gr_common/RLduino78/cores/RLduino78_basic.o
                0x00005eb7                delay
 .text.delayMicroseconds
                0x00005f2c       0x7e ./gr_common/RLduino78/cores/RLduino78_basic.o
                0x00005f2c                delayMicroseconds
 .text.attachInterrupt
                0x00005faa       0x9c ./gr_common/RLduino78/cores/RLduino78_basic.o
                0x00005faa                attachInterrupt
 .text.external_interrupt_0
                0x00006046       0x13 ./gr_common/RLduino78/cores/RLduino78_basic.o
                0x00006046                external_interrupt_0
 .text.external_interrupt_1
                0x00006059       0x13 ./gr_common/RLduino78/cores/RLduino78_basic.o
                0x00006059                external_interrupt_1
 .text.adc_interrupt
                0x0000606c        0x4 ./gr_common/RLduino78/cores/RLduino78_basic.o
                0x0000606c                adc_interrupt
 .text.tm05_interrupt
                0x00006070       0x26 ./gr_common/RLduino78/cores/RLduino78_basic.o
                0x00006070                tm05_interrupt
 .text.tm06_interrupt
                0x00006096      0x1b6 ./gr_common/RLduino78/cores/RLduino78_basic.o
                0x00006096                tm06_interrupt
 .text._Z3cbiPVhh
                0x0000624c       0x44 ./gr_common/RLduino78/cores/RLduino78_basic.o
                0x0000624c                cbi(unsigned char volatile*, unsigned char)
 .text._Z3sbiPVhh
                0x00006290       0x44 ./gr_common/RLduino78/cores/RLduino78_basic.o
                0x00006290                sbi(unsigned char volatile*, unsigned char)
 .text._ZL8_pinModehh
                0x000062d4      0x132 ./gr_common/RLduino78/cores/RLduino78_basic.o
 .text.pinMode  0x00006406       0x11 ./gr_common/RLduino78/cores/RLduino78_basic.o
                0x00006406                pinMode
 .text._Z6noToneh
                0x00006417       0x2b ./gr_common/RLduino78/cores/RLduino78_basic.o
                0x00006417                noTone(unsigned char)
 .text._ZL13_digitalWritehh
                0x00006442       0xba ./gr_common/RLduino78/cores/RLduino78_basic.o
 .text.digitalWrite
                0x000064fc       0x11 ./gr_common/RLduino78/cores/RLduino78_basic.o
                0x000064fc                digitalWrite
 .text.analogWrite
                0x0000650d      0x2c6 ./gr_common/RLduino78/cores/RLduino78_basic.o
                0x0000650d                analogWrite
 .text.tone_interrupt
                0x000067d3       0x78 ./gr_common/RLduino78/cores/RLduino78_basic.o
                0x000067d3                tone_interrupt
 .text.HardwareSetup
                0x0000684b       0x1d ./gr_common/RLduino78/cores/RLduino78_main.o
                0x0000684b                HardwareSetup
 .text.startup.main
                0x00006868       0x24 ./gr_common/RLduino78/cores/RLduino78_main.o
                0x00006868                main
 .text.rtc_interrupt
                0x0000688c       0x26 ./gr_common/RLduino78/cores/RLduino78_RTC.o
                0x0000688c                rtc_interrupt
 .text.startup._GLOBAL__sub_I__ZN9DhcpClass13beginWithDHCPEPhmm
                0x000068b2       0x1a ./gr_common/RLduino78/libraries/Ethernet/Dhcp.o
 .text.startup._GLOBAL__sub_I__ZN9DNSClient5beginERK9IPAddress
                0x000068cc       0x1a ./gr_common/RLduino78/libraries/Ethernet/Dns.o
 .text.startup._GLOBAL__sub_I__ZN13EthernetClass6_stateE
                0x000068e6       0x23 ./gr_common/RLduino78/libraries/Ethernet/Ethernet.o
 .text.startup._GLOBAL__sub_I__ZN14EthernetClient8_srcportE
                0x00006909       0x1a ./gr_common/RLduino78/libraries/Ethernet/EthernetClient.o
 .text.startup._GLOBAL__sub_I__ZN14EthernetServerC2Et
                0x00006923       0x1a ./gr_common/RLduino78/libraries/Ethernet/EthernetServer.o
 .text.startup._GLOBAL__sub_I__ZN11EthernetUDPC2Ev
                0x0000693d       0x1a ./gr_common/RLduino78/libraries/Ethernet/EthernetUdp.o
 .text.startup._GLOBAL__sub_I__ZN7TwitterC2EPKc
                0x00006957       0x1a ./gr_common/RLduino78/libraries/Ethernet/Twitter.o
 .text._ZN12FirmataClass11systemResetEv
                0x00006971       0x4f ./gr_common/RLduino78/libraries/Firmata/Firmata.o
                0x00006971                FirmataClass::systemReset()
 .text.startup._GLOBAL__sub_I__ZN12FirmataClass23sendValueAsTwo7bitBytesEi
                0x000069c0       0x21 ./gr_common/RLduino78/libraries/Firmata/Firmata.o
 .text.startup._GLOBAL__sub_I__Z20getNextPathComponentPcPjS_
                0x000069e1       0x30 ./gr_common/RLduino78/libraries/SD/SD.o
 .text._ZL7spiSendh
                0x00006a11       0x18 ./gr_common/RLduino78/libraries/SD/utility/Sd2Card.o
 .text._ZL6spiRecv
                0x00006a29       0x12 ./gr_common/RLduino78/libraries/SD/utility/Sd2Card.o
 .text._ZN7Sd2Card14chipSelectHighEv
                0x00006a3b       0x16 ./gr_common/RLduino78/libraries/SD/utility/Sd2Card.o
                0x00006a3b                Sd2Card::chipSelectHigh()
 .text._ZN7Sd2Card13chipSelectLowEv
                0x00006a51       0x16 ./gr_common/RLduino78/libraries/SD/utility/Sd2Card.o
                0x00006a51                Sd2Card::chipSelectLow()
 .text._ZN7Sd2Card7readEndEv
                0x00006a67       0x6f ./gr_common/RLduino78/libraries/SD/utility/Sd2Card.o
                0x00006a67                Sd2Card::readEnd()
 .text._ZN7Sd2Card11waitNotBusyEt
                0x00006ad6       0x3c ./gr_common/RLduino78/libraries/SD/utility/Sd2Card.o
                0x00006ad6                Sd2Card::waitNotBusy(unsigned short)
 .text._ZN7Sd2Card11cardCommandEhm
                0x00006b12       0xe5 ./gr_common/RLduino78/libraries/SD/utility/Sd2Card.o
                0x00006b12                Sd2Card::cardCommand(unsigned char, unsigned long)
 .text._ZN7Sd2Card14waitStartBlockEv
                0x00006bf7       0x6a ./gr_common/RLduino78/libraries/SD/utility/Sd2Card.o
                0x00006bf7                Sd2Card::waitStartBlock()
 .text._ZN7Sd2Card8readDataEmttPh
                0x00006c61      0x1aa ./gr_common/RLduino78/libraries/SD/utility/Sd2Card.o
                0x00006c61                Sd2Card::readData(unsigned long, unsigned short, unsigned short, unsigned char*)
 .text._ZN7Sd2Card9readBlockEmPh
                0x00006e0b       0x21 ./gr_common/RLduino78/libraries/SD/utility/Sd2Card.o
                0x00006e0b                Sd2Card::readBlock(unsigned long, unsigned char*)
 .text._ZN7Sd2Card9writeDataEhPKh
                0x00006e2c       0xb0 ./gr_common/RLduino78/libraries/SD/utility/Sd2Card.o
                0x00006e2c                Sd2Card::writeData(unsigned char, unsigned char const*)
 .text._ZN7Sd2Card10writeBlockEmPKh
                0x00006edc       0xf3 ./gr_common/RLduino78/libraries/SD/utility/Sd2Card.o
                0x00006edc                Sd2Card::writeBlock(unsigned long, unsigned char const*)
 .text._ZN6SdFile10addClusterEv
                0x00006fcf       0x5e ./gr_common/RLduino78/libraries/SD/utility/SdFile.o
                0x00006fcf                SdFile::addCluster()
 .text._ZN6SdFile13cacheDirEntryEh
                0x0000702d       0x45 ./gr_common/RLduino78/libraries/SD/utility/SdFile.o
                0x0000702d                SdFile::cacheDirEntry(unsigned char)
 .text._ZN6SdFile7seekSetEm
                0x00007072      0x1be ./gr_common/RLduino78/libraries/SD/utility/SdFile.o
                0x00007072                SdFile::seekSet(unsigned long)
 .text._ZN6SdFile4syncEv
                0x00007230       0xc4 ./gr_common/RLduino78/libraries/SD/utility/SdFile.o
                0x00007230                SdFile::sync()
 .text._ZN6SdFile5writeEPKvt
                0x000072f4      0x411 ./gr_common/RLduino78/libraries/SD/utility/SdFile.o
                0x000072f4                SdFile::write(void const*, unsigned short)
 .text._ZN6SdFile5writeEh
                0x00007705       0x1a ./gr_common/RLduino78/libraries/SD/utility/SdFile.o
                0x00007705                SdFile::write(unsigned char)
 .text._ZN8SdVolume10cacheFlushEv
                0x0000771f       0x81 ./gr_common/RLduino78/libraries/SD/utility/SdVolume.o
                0x0000771f                SdVolume::cacheFlush()
 .text._ZN8SdVolume13cacheRawBlockEmh
                0x000077a0       0x72 ./gr_common/RLduino78/libraries/SD/utility/SdVolume.o
                0x000077a0                SdVolume::cacheRawBlock(unsigned long, unsigned char)
 .text._ZNK8SdVolume6fatGetEmPm
                0x00007812      0x165 ./gr_common/RLduino78/libraries/SD/utility/SdVolume.o
                0x00007812                SdVolume::fatGet(unsigned long, unsigned long*) const
 .text._ZN8SdVolume6fatPutEmm
                0x00007977      0x169 ./gr_common/RLduino78/libraries/SD/utility/SdVolume.o
                0x00007977                SdVolume::fatPut(unsigned long, unsigned long)
 .text._ZN8SdVolume15allocContiguousEmPm
                0x00007ae0      0x28f ./gr_common/RLduino78/libraries/SD/utility/SdVolume.o
                0x00007ae0                SdVolume::allocContiguous(unsigned long, unsigned long*)
 .text._ZL17handle_interrupts18timer16_Sequence_t.constprop.0
                0x00007d6f      0x18e ./gr_common/RLduino78/libraries/Servo/Servo.o
 .text.servo_interrupt
                0x00007efd        0x5 ./gr_common/RLduino78/libraries/Servo/Servo.o
                0x00007efd                servo_interrupt
 .text._ZN7TwoWire9availableEv
                0x00007f02       0x17 ./gr_common/RLduino78/libraries/Wire/Wire.o
                0x00007f02                TwoWire::available()
 .text._ZN7TwoWire4readEv
                0x00007f19       0x2a ./gr_common/RLduino78/libraries/Wire/Wire.o
                0x00007f19                TwoWire::read()
 .text._ZN7TwoWire4peekEv
                0x00007f43       0x26 ./gr_common/RLduino78/libraries/Wire/Wire.o
                0x00007f43                TwoWire::peek()
 .text._ZN7TwoWire5flushEv
                0x00007f69        0x1 ./gr_common/RLduino78/libraries/Wire/Wire.o
                0x00007f69                TwoWire::flush()
 .text._ZN7TwoWire5writeEPKhj
                0x00007f6a       0x6d ./gr_common/RLduino78/libraries/Wire/Wire.o
                0x00007f6a                TwoWire::write(unsigned char const*, unsigned int)
 .text._ZN7TwoWire5writeEh
                0x00007fd7       0x5e ./gr_common/RLduino78/libraries/Wire/Wire.o
                0x00007fd7                TwoWire::write(unsigned char)
 .text._ZN7TwoWireC2Ev
                0x00008035       0x1d ./gr_common/RLduino78/libraries/Wire/Wire.o
                0x00008035                TwoWire::TwoWire()
                0x00008035                TwoWire::TwoWire()
 .text._ZN7TwoWire5beginEv
                0x00008052       0x11 ./gr_common/RLduino78/libraries/Wire/Wire.o
                0x00008052                TwoWire::begin()
 .text._ZN7TwoWire11requestFromEhhh
                0x00008063       0x32 ./gr_common/RLduino78/libraries/Wire/Wire.o
                0x00008063                TwoWire::requestFrom(unsigned char, unsigned char, unsigned char)
 .text._ZN7TwoWire11requestFromEii
                0x00008095       0x18 ./gr_common/RLduino78/libraries/Wire/Wire.o
                0x00008095                TwoWire::requestFrom(int, int)
 .text._ZN7TwoWire17beginTransmissionEh
                0x000080ad        0xf ./gr_common/RLduino78/libraries/Wire/Wire.o
                0x000080ad                TwoWire::beginTransmission(unsigned char)
 .text._ZN7TwoWire17beginTransmissionEi
                0x000080bc       0x11 ./gr_common/RLduino78/libraries/Wire/Wire.o
                0x000080bc                TwoWire::beginTransmission(int)
 .text._ZN7TwoWire15endTransmissionEh
                0x000080cd       0x28 ./gr_common/RLduino78/libraries/Wire/Wire.o
                0x000080cd                TwoWire::endTransmission(unsigned char)
 .text._ZN7TwoWire15endTransmissionEv
                0x000080f5       0x10 ./gr_common/RLduino78/libraries/Wire/Wire.o
                0x000080f5                TwoWire::endTransmission()
 .text.startup._GLOBAL__sub_I__ZN7TwoWire8rxBufferE
                0x00008105        0xe ./gr_common/RLduino78/libraries/Wire/Wire.o
 .text._ZN9__gnu_cxx27__verbose_terminate_handlerEv
                0x00008113        0x1 ./gr_common/RLduino78/portable/e2studio/RL78/exception_handler.o
                0x00008113                __gnu_cxx::__verbose_terminate_handler()
 .text.init_system_clock
                0x00008114       0x57 ./gr_common/RLduino78/cores/RLduino78_timer.o
                0x00008114                init_system_clock
 .text.init_interval_timer
                0x0000816b      0x158 ./gr_common/RLduino78/cores/RLduino78_timer.o
                0x0000816b                init_interval_timer
 .text.interval_timer
                0x000082c3       0x9f ./gr_common/RLduino78/cores/RLduino78_timer.o
                0x000082c3                interval_timer
 .text.twi_transmit
                0x00008362       0x52 ./gr_common/RLduino78/libraries/Wire/utility/twi.o
                0x00008362                twi_transmit
 .text.twi_stop
                0x000083b4       0x25 ./gr_common/RLduino78/libraries/Wire/utility/twi.o
                0x000083b4                twi_stop
 .text.twi_releaseBus
                0x000083d9       0x12 ./gr_common/RLduino78/libraries/Wire/utility/twi.o
                0x000083d9                twi_releaseBus
 .text.iica0_interrupt
                0x000083eb      0x2b2 ./gr_common/RLduino78/libraries/Wire/utility/twi.o
                0x000083eb                iica0_interrupt
 .text.I2C_Start
                0x0000869d       0x64 ./gr_common/RLduino78/libraries/Wire/utility/twi.o
                0x0000869d                I2C_Start
 .text.twi_init
                0x00008701       0x2a ./gr_common/RLduino78/libraries/Wire/utility/twi.o
                0x00008701                twi_init
 .text.twi_readFrom
                0x0000872b       0xe1 ./gr_common/RLduino78/libraries/Wire/utility/twi.o
                0x0000872b                twi_readFrom
 .text.twi_writeTo
                0x0000880c      0x112 ./gr_common/RLduino78/libraries/Wire/utility/twi.o
                0x0000880c                twi_writeTo
 .text.INT_WDTI
                0x0000891e        0xc ./gr_common/RLduino78/portable/e2studio/RL78/interrupt_handlers.o
                0x0000891e                INT_WDTI
 .text.INT_LVI  0x0000892a        0xc ./gr_common/RLduino78/portable/e2studio/RL78/interrupt_handlers.o
                0x0000892a                INT_LVI
 .text.INT_P0   0x00008936        0xc ./gr_common/RLduino78/portable/e2studio/RL78/interrupt_handlers.o
                0x00008936                INT_P0
 .text.INT_P1   0x00008942        0xc ./gr_common/RLduino78/portable/e2studio/RL78/interrupt_handlers.o
                0x00008942                INT_P1
 .text.INT_P2   0x0000894e        0xc ./gr_common/RLduino78/portable/e2studio/RL78/interrupt_handlers.o
                0x0000894e                INT_P2
 .text.INT_P3   0x0000895a       0x26 ./gr_common/RLduino78/portable/e2studio/RL78/interrupt_handlers.o
                0x0000895a                INT_P3
 .text.INT_P4   0x00008980        0xc ./gr_common/RLduino78/portable/e2studio/RL78/interrupt_handlers.o
                0x00008980                INT_P4
 .text.INT_P5   0x0000898c       0x26 ./gr_common/RLduino78/portable/e2studio/RL78/interrupt_handlers.o
                0x0000898c                INT_P5
 .text.INT_ST2  0x000089b2       0x26 ./gr_common/RLduino78/portable/e2studio/RL78/interrupt_handlers.o
                0x000089b2                INT_ST2
 .text.INT_SR2  0x000089d8       0x26 ./gr_common/RLduino78/portable/e2studio/RL78/interrupt_handlers.o
                0x000089d8                INT_SR2
 .text.INT_SRE2
                0x000089fe       0x26 ./gr_common/RLduino78/portable/e2studio/RL78/interrupt_handlers.o
                0x000089fe                INT_SRE2
 .text.INT_DMA0
                0x00008a24        0xc ./gr_common/RLduino78/portable/e2studio/RL78/interrupt_handlers.o
                0x00008a24                INT_DMA0
 .text.INT_DMA1
                0x00008a30        0xc ./gr_common/RLduino78/portable/e2studio/RL78/interrupt_handlers.o
                0x00008a30                INT_DMA1
 .text.INT_ST0  0x00008a3c       0x26 ./gr_common/RLduino78/portable/e2studio/RL78/interrupt_handlers.o
                0x00008a3c                INT_ST0
 .text.INT_SR0  0x00008a62       0x26 ./gr_common/RLduino78/portable/e2studio/RL78/interrupt_handlers.o
                0x00008a62                INT_SR0
 .text.INT_TM01H
                0x00008a88       0x26 ./gr_common/RLduino78/portable/e2studio/RL78/interrupt_handlers.o
                0x00008a88                INT_TM01H
 .text.INT_ST1  0x00008aae       0x26 ./gr_common/RLduino78/portable/e2studio/RL78/interrupt_handlers.o
                0x00008aae                INT_ST1
 .text.INT_SR1  0x00008ad4       0x26 ./gr_common/RLduino78/portable/e2studio/RL78/interrupt_handlers.o
                0x00008ad4                INT_SR1
 .text.INT_TM03H
                0x00008afa       0x26 ./gr_common/RLduino78/portable/e2studio/RL78/interrupt_handlers.o
                0x00008afa                INT_TM03H
 .text.INT_IICA0
                0x00008b20       0x26 ./gr_common/RLduino78/portable/e2studio/RL78/interrupt_handlers.o
                0x00008b20                INT_IICA0
 .text.INT_TM00
                0x00008b46        0xc ./gr_common/RLduino78/portable/e2studio/RL78/interrupt_handlers.o
                0x00008b46                INT_TM00
 .text.INT_TM01
                0x00008b52       0x3c ./gr_common/RLduino78/portable/e2studio/RL78/interrupt_handlers.o
                0x00008b52                INT_TM01
 .text.INT_TM02
                0x00008b8e        0xc ./gr_common/RLduino78/portable/e2studio/RL78/interrupt_handlers.o
                0x00008b8e                INT_TM02
 .text.INT_TM03
                0x00008b9a        0xc ./gr_common/RLduino78/portable/e2studio/RL78/interrupt_handlers.o
                0x00008b9a                INT_TM03
 .text.INT_AD   0x00008ba6       0x26 ./gr_common/RLduino78/portable/e2studio/RL78/interrupt_handlers.o
                0x00008ba6                INT_AD
 .text.INT_RTC  0x00008bcc       0x26 ./gr_common/RLduino78/portable/e2studio/RL78/interrupt_handlers.o
                0x00008bcc                INT_RTC
 .text.INT_IT   0x00008bf2       0x26 ./gr_common/RLduino78/portable/e2studio/RL78/interrupt_handlers.o
                0x00008bf2                INT_IT
 .text.INT_KR   0x00008c18        0xc ./gr_common/RLduino78/portable/e2studio/RL78/interrupt_handlers.o
                0x00008c18                INT_KR
 .text.INT_TM04
                0x00008c24       0x26 ./gr_common/RLduino78/portable/e2studio/RL78/interrupt_handlers.o
                0x00008c24                INT_TM04
 .text.INT_TM05
                0x00008c4a       0x26 ./gr_common/RLduino78/portable/e2studio/RL78/interrupt_handlers.o
                0x00008c4a                INT_TM05
 .text.INT_TM06
                0x00008c70       0x26 ./gr_common/RLduino78/portable/e2studio/RL78/interrupt_handlers.o
                0x00008c70                INT_TM06
 .text.INT_TM07
                0x00008c96        0xc ./gr_common/RLduino78/portable/e2studio/RL78/interrupt_handlers.o
                0x00008c96                INT_TM07
 .text.INT_P6   0x00008ca2        0xc ./gr_common/RLduino78/portable/e2studio/RL78/interrupt_handlers.o
                0x00008ca2                INT_P6
 .text.INT_P7   0x00008cae        0xc ./gr_common/RLduino78/portable/e2studio/RL78/interrupt_handlers.o
                0x00008cae                INT_P7
 .text.INT_P8   0x00008cba        0xc ./gr_common/RLduino78/portable/e2studio/RL78/interrupt_handlers.o
                0x00008cba                INT_P8
 .text.INT_P9   0x00008cc6        0xc ./gr_common/RLduino78/portable/e2studio/RL78/interrupt_handlers.o
                0x00008cc6                INT_P9
 .text.INT_P10  0x00008cd2        0xc ./gr_common/RLduino78/portable/e2studio/RL78/interrupt_handlers.o
                0x00008cd2                INT_P10
 .text.INT_P11  0x00008cde        0xc ./gr_common/RLduino78/portable/e2studio/RL78/interrupt_handlers.o
                0x00008cde                INT_P11
 .text.INT_MD   0x00008cea        0xc ./gr_common/RLduino78/portable/e2studio/RL78/interrupt_handlers.o
                0x00008cea                INT_MD
 .text.INT_FL   0x00008cf6        0xc ./gr_common/RLduino78/portable/e2studio/RL78/interrupt_handlers.o
                0x00008cf6                INT_FL
 .text.INT_BRK_I
                0x00008d02        0xc ./gr_common/RLduino78/portable/e2studio/RL78/interrupt_handlers.o
                0x00008d02                INT_BRK_I
 .text          0x00008d0e       0xa0 ./gr_common/RLduino78/portable/e2studio/RL78/reset_program.o
                0x00008d0e                PowerON_Reset
                0x00008d70                rl78_run_preinit_array
                0x00008d7b                rl78_run_init_array
                0x00008d86                rl78_run_fini_array
 .text          0x00008dae       0xfc C:/Renesas/e2studio/GNURL78v14.03-ELF/rl78-elf/lib/gcc/rl78-elf/4.8-GNURL78_v14.03/crtbegin.o
 .text          0x00008eaa       0x36 C:/Renesas/e2studio/GNURL78v14.03-ELF/rl78-elf/lib/gcc/rl78-elf/4.8-GNURL78_v14.03/crtend.o
 .text._ZN10__cxxabiv120__si_class_type_infoD2Ev
                0x00008ee0       0x18 C:/Renesas/e2studio/GNURL78v14.03-ELF/rl78-elf/rl78-elf/lib\libstdc++.a(si_class_type_info.o)
                0x00008ee0                __cxxabiv1::__si_class_type_info::~__si_class_type_info()
                0x00008ee0                __cxxabiv1::__si_class_type_info::~__si_class_type_info()
 .text._ZN10__cxxabiv120__si_class_type_infoD0Ev
                0x00008ef8       0x2a C:/Renesas/e2studio/GNURL78v14.03-ELF/rl78-elf/rl78-elf/lib\libstdc++.a(si_class_type_info.o)
                0x00008ef8                __cxxabiv1::__si_class_type_info::~__si_class_type_info()
 .text._ZNK10__cxxabiv120__si_class_type_info12__do_dyncastEiNS_17__class_type_info10__sub_kindEPKS1_PKvS4_S6_RNS1_16__dyncast_resultE
                0x00008f22      0x14f C:/Renesas/e2studio/GNURL78v14.03-ELF/rl78-elf/rl78-elf/lib\libstdc++.a(si_class_type_info.o)
                0x00008f22                __cxxabiv1::__si_class_type_info::__do_dyncast(int, __cxxabiv1::__class_type_info::__sub_kind, __cxxabiv1::__class_type_info const*, void const*, __cxxabiv1::__class_type_info const*, void const*, __cxxabiv1::__class_type_info::__dyncast_result&) const
 .text._ZNK10__cxxabiv120__si_class_type_info20__do_find_public_srcEiPKvPKNS_17__class_type_infoES2_
                0x00009071       0x95 C:/Renesas/e2studio/GNURL78v14.03-ELF/rl78-elf/rl78-elf/lib\libstdc++.a(si_class_type_info.o)
                0x00009071                __cxxabiv1::__si_class_type_info::__do_find_public_src(int, void const*, __cxxabiv1::__class_type_info const*, void const*) const
 .text._ZNK10__cxxabiv120__si_class_type_info11__do_upcastEPKNS_17__class_type_infoEPKvRNS1_15__upcast_resultE
                0x00009106       0x5c C:/Renesas/e2studio/GNURL78v14.03-ELF/rl78-elf/rl78-elf/lib\libstdc++.a(si_class_type_info.o)
                0x00009106                __cxxabiv1::__si_class_type_info::__do_upcast(__cxxabiv1::__class_type_info const*, void const*, __cxxabiv1::__class_type_info::__upcast_result&) const
 .text._ZL23__gxx_exception_cleanup19_Unwind_Reason_CodeP17_Unwind_Exception
                0x00009162       0x68 C:/Renesas/e2studio/GNURL78v14.03-ELF/rl78-elf/rl78-elf/lib\libstdc++.a(eh_throw.o)
 .text.__cxa_throw
                0x000091ca       0xcd C:/Renesas/e2studio/GNURL78v14.03-ELF/rl78-elf/rl78-elf/lib\libstdc++.a(eh_throw.o)
                0x000091ca                __cxa_throw
 .text.__cxa_rethrow
                0x00009297      0x29b C:/Renesas/e2studio/GNURL78v14.03-ELF/rl78-elf/rl78-elf/lib\libstdc++.a(eh_throw.o)
                0x00009297                __cxa_rethrow
 .text._ZNK10__cxxabiv117__class_type_info11__do_upcastEPKS0_PPv
                0x00009532       0x6f C:/Renesas/e2studio/GNURL78v14.03-ELF/rl78-elf/rl78-elf/lib\libstdc++.a(class_type_info.o)
                0x00009532                __cxxabiv1::__class_type_info::__do_upcast(__cxxabiv1::__class_type_info const*, void**) const
 .text._ZNK10__cxxabiv117__class_type_info20__do_find_public_srcEiPKvPKS0_S2_
                0x000095a1       0x16 C:/Renesas/e2studio/GNURL78v14.03-ELF/rl78-elf/rl78-elf/lib\libstdc++.a(class_type_info.o)
                0x000095a1                __cxxabiv1::__class_type_info::__do_find_public_src(int, void const*, __cxxabiv1::__class_type_info const*, void const*) const
 .text._ZN10__cxxabiv117__class_type_infoD2Ev
                0x000095b7       0x18 C:/Renesas/e2studio/GNURL78v14.03-ELF/rl78-elf/rl78-elf/lib\libstdc++.a(class_type_info.o)
                0x000095b7                __cxxabiv1::__class_type_info::~__class_type_info()
                0x000095b7                __cxxabiv1::__class_type_info::~__class_type_info()
 .text._ZN10__cxxabiv117__class_type_infoD0Ev
                0x000095cf       0x2a C:/Renesas/e2studio/GNURL78v14.03-ELF/rl78-elf/rl78-elf/lib\libstdc++.a(class_type_info.o)
                0x000095cf                __cxxabiv1::__class_type_info::~__class_type_info()
 .text._ZNK10__cxxabiv117__class_type_info11__do_upcastEPKS0_PKvRNS0_15__upcast_resultE
                0x000095f9       0x6b C:/Renesas/e2studio/GNURL78v14.03-ELF/rl78-elf/rl78-elf/lib\libstdc++.a(class_type_info.o)
                0x000095f9                __cxxabiv1::__class_type_info::__do_upcast(__cxxabiv1::__class_type_info const*, void const*, __cxxabiv1::__class_type_info::__upcast_result&) const
 .text._ZNK10__cxxabiv117__class_type_info10__do_catchEPKSt9type_infoPPvj
                0x00009664       0x89 C:/Renesas/e2studio/GNURL78v14.03-ELF/rl78-elf/rl78-elf/lib\libstdc++.a(class_type_info.o)
                0x00009664                __cxxabiv1::__class_type_info::__do_catch(std::type_info const*, void**, unsigned int) const
 .text._ZNK10__cxxabiv117__class_type_info12__do_dyncastEiNS0_10__sub_kindEPKS0_PKvS3_S5_RNS0_16__dyncast_resultE
                0x000096ed       0xc1 C:/Renesas/e2studio/GNURL78v14.03-ELF/rl78-elf/rl78-elf/lib\libstdc++.a(class_type_info.o)
                0x000096ed                __cxxabiv1::__class_type_info::__do_dyncast(int, __cxxabiv1::__class_type_info::__sub_kind, __cxxabiv1::__class_type_info const*, void const*, __cxxabiv1::__class_type_info const*, void const*, __cxxabiv1::__class_type_info::__dyncast_result&) const
 .text.__cxa_begin_catch
                0x000097ae      0x2e2 C:/Renesas/e2studio/GNURL78v14.03-ELF/rl78-elf/rl78-elf/lib\libstdc++.a(eh_catch.o)
                0x000097ae                __cxa_begin_catch
 .text.__cxa_end_catch
                0x00009a90      0x2eb C:/Renesas/e2studio/GNURL78v14.03-ELF/rl78-elf/rl78-elf/lib\libstdc++.a(eh_catch.o)
                0x00009a90                __cxa_end_catch
 .text._ZdlPv   0x00009d7b       0x16 C:/Renesas/e2studio/GNURL78v14.03-ELF/rl78-elf/rl78-elf/lib\libstdc++.a(del_op.o)
                0x00009d7b                operator delete(void*)
 .text._ZN10__cxxabiv111__terminateEPFvvE
                0x00009d91       0x99 C:/Renesas/e2studio/GNURL78v14.03-ELF/rl78-elf/rl78-elf/lib\libstdc++.a(eh_terminate.o)
                0x00009d91                __cxxabiv1::__terminate(void (*)())
 .text._ZSt9terminatev
                0x00009e2a        0xb C:/Renesas/e2studio/GNURL78v14.03-ELF/rl78-elf/rl78-elf/lib\libstdc++.a(eh_terminate.o)
                0x00009e2a                std::terminate()
 .text._ZN10__cxxabiv112__unexpectedEPFvvE
                0x00009e35        0x9 C:/Renesas/e2studio/GNURL78v14.03-ELF/rl78-elf/rl78-elf/lib\libstdc++.a(eh_terminate.o)
                0x00009e35                __cxxabiv1::__unexpected(void (*)())
 .text._ZSt10unexpectedv
                0x00009e3e        0xb C:/Renesas/e2studio/GNURL78v14.03-ELF/rl78-elf/rl78-elf/lib\libstdc++.a(eh_terminate.o)
                0x00009e3e                std::unexpected()
 .text._ZL12read_sleb128PKhPl
                0x00009e49      0x114 C:/Renesas/e2studio/GNURL78v14.03-ELF/rl78-elf/rl78-elf/lib\libstdc++.a(eh_personality.o)
 .text._ZL16get_adjusted_ptrPKSt9type_infoS1_PPv
                0x00009f5d       0x71 C:/Renesas/e2studio/GNURL78v14.03-ELF/rl78-elf/rl78-elf/lib\libstdc++.a(eh_personality.o)
 .text._ZL28read_encoded_value_with_basehjPKhPj
                0x00009fce      0x2ec C:/Renesas/e2studio/GNURL78v14.03-ELF/rl78-elf/rl78-elf/lib\libstdc++.a(eh_personality.o)
 .text._ZL15get_ttype_entryP16lsda_header_infom
                0x0000a2ba       0xcb C:/Renesas/e2studio/GNURL78v14.03-ELF/rl78-elf/rl78-elf/lib\libstdc++.a(eh_personality.o)
 .text._ZL20check_exception_specP16lsda_header_infoPKSt9type_infoPvl
                0x0000a385      0x10a C:/Renesas/e2studio/GNURL78v14.03-ELF/rl78-elf/rl78-elf/lib\libstdc++.a(eh_personality.o)
 .text._ZL21base_of_encoded_valuehP15_Unwind_Context
                0x0000a48f       0x7c C:/Renesas/e2studio/GNURL78v14.03-ELF/rl78-elf/rl78-elf/lib\libstdc++.a(eh_personality.o)
 .text._ZL17parse_lsda_headerP15_Unwind_ContextPKhP16lsda_header_info
                0x0000a50b      0x250 C:/Renesas/e2studio/GNURL78v14.03-ELF/rl78-elf/rl78-elf/lib\libstdc++.a(eh_personality.o)
 .text.__gxx_personality_sj0
                0x0000a75b      0x956 C:/Renesas/e2studio/GNURL78v14.03-ELF/rl78-elf/rl78-elf/lib\libstdc++.a(eh_personality.o)
                0x0000a75b                __gxx_personality_sj0
 .text.__cxa_call_unexpected
                0x0000b0b1      0x1b3 C:/Renesas/e2studio/GNURL78v14.03-ELF/rl78-elf/rl78-elf/lib\libstdc++.a(eh_personality.o)
                0x0000b0b1                __cxa_call_unexpected
 .text.__cxa_allocate_exception
                0x0000b264       0xb9 C:/Renesas/e2studio/GNURL78v14.03-ELF/rl78-elf/rl78-elf/lib\libstdc++.a(eh_alloc.o)
                0x0000b264                __cxa_allocate_exception
 .text.__cxa_free_exception
                0x0000b31d       0x59 C:/Renesas/e2studio/GNURL78v14.03-ELF/rl78-elf/rl78-elf/lib\libstdc++.a(eh_alloc.o)
                0x0000b31d                __cxa_free_exception
 .text._ZNSt9exceptionD2Ev
                0x0000b376        0xa C:/Renesas/e2studio/GNURL78v14.03-ELF/rl78-elf/rl78-elf/lib\libstdc++.a(eh_exception.o)
                0x0000b376                std::exception::~exception()
                0x0000b376                std::exception::~exception()
 .text._ZNSt13bad_exceptionD2Ev
                0x0000b380        0xa C:/Renesas/e2studio/GNURL78v14.03-ELF/rl78-elf/rl78-elf/lib\libstdc++.a(eh_exception.o)
                0x0000b380                std::bad_exception::~bad_exception()
                0x0000b380                std::bad_exception::~bad_exception()
 .text._ZNKSt9exception4whatEv
                0x0000b38a        0x5 C:/Renesas/e2studio/GNURL78v14.03-ELF/rl78-elf/rl78-elf/lib\libstdc++.a(eh_exception.o)
                0x0000b38a                std::exception::what() const
 .text._ZNKSt13bad_exception4whatEv
                0x0000b38f        0x5 C:/Renesas/e2studio/GNURL78v14.03-ELF/rl78-elf/rl78-elf/lib\libstdc++.a(eh_exception.o)
                0x0000b38f                std::bad_exception::what() const
 .text._ZNSt9exceptionD0Ev
                0x0000b394       0x18 C:/Renesas/e2studio/GNURL78v14.03-ELF/rl78-elf/rl78-elf/lib\libstdc++.a(eh_exception.o)
                0x0000b394                std::exception::~exception()
 .text._ZNSt13bad_exceptionD0Ev
                0x0000b3ac       0x18 C:/Renesas/e2studio/GNURL78v14.03-ELF/rl78-elf/rl78-elf/lib\libstdc++.a(eh_exception.o)
                0x0000b3ac                std::bad_exception::~bad_exception()
 .text.__cxa_call_terminate
                0x0000b3c4      0x25e C:/Renesas/e2studio/GNURL78v14.03-ELF/rl78-elf/rl78-elf/lib\libstdc++.a(eh_call.o)
                0x0000b3c4                __cxa_call_terminate
 .text._ZNSt9type_infoD2Ev
                0x0000b622        0xa C:/Renesas/e2studio/GNURL78v14.03-ELF/rl78-elf/rl78-elf/lib\libstdc++.a(tinfo.o)
                0x0000b622                std::type_info::~type_info()
                0x0000b622                std::type_info::~type_info()
 .text._ZNKSt9type_info14__is_pointer_pEv
                0x0000b62c        0x3 C:/Renesas/e2studio/GNURL78v14.03-ELF/rl78-elf/rl78-elf/lib\libstdc++.a(tinfo.o)
                0x0000b62c                std::type_info::__is_pointer_p() const
 .text._ZNKSt9type_info15__is_function_pEv
                0x0000b62f        0x3 C:/Renesas/e2studio/GNURL78v14.03-ELF/rl78-elf/rl78-elf/lib\libstdc++.a(tinfo.o)
                0x0000b62f                std::type_info::__is_function_p() const
 .text._ZNKSt9type_info11__do_upcastEPKN10__cxxabiv117__class_type_infoEPPv
                0x0000b632        0x3 C:/Renesas/e2studio/GNURL78v14.03-ELF/rl78-elf/rl78-elf/lib\libstdc++.a(tinfo.o)
                0x0000b632                std::type_info::__do_upcast(__cxxabiv1::__class_type_info const*, void**) const
 .text._ZNSt9type_infoD0Ev
                0x0000b635       0x18 C:/Renesas/e2studio/GNURL78v14.03-ELF/rl78-elf/rl78-elf/lib\libstdc++.a(tinfo.o)
                0x0000b635                std::type_info::~type_info()
 .text._ZNKSt9type_info10__do_catchEPKS_PPvj
                0x0000b64d       0x45 C:/Renesas/e2studio/GNURL78v14.03-ELF/rl78-elf/rl78-elf/lib\libstdc++.a(tinfo.o)
                0x0000b64d                std::type_info::__do_catch(std::type_info const*, void**, unsigned int) const
 .text.__cxa_get_globals_fast
                0x0000b692        0x5 C:/Renesas/e2studio/GNURL78v14.03-ELF/rl78-elf/rl78-elf/lib\libstdc++.a(eh_globals.o)
                0x0000b692                __cxa_get_globals_fast
 .text.__cxa_get_globals
                0x0000b697        0x5 C:/Renesas/e2studio/GNURL78v14.03-ELF/rl78-elf/rl78-elf/lib\libstdc++.a(eh_globals.o)
                0x0000b697                __cxa_get_globals
 .text          0x0000b69c       0xad C:/Renesas/e2studio/GNURL78v14.03-ELF/rl78-elf/rl78-elf/lib\libm.a(lib_a-sf_fpclassify.o)
                0x0000b69c                __fpclassifyf
 .text          0x0000b749      0x1fe C:/Renesas/e2studio/GNURL78v14.03-ELF/rl78-elf/rl78-elf/lib\libm.a(lib_a-wf_sqrt.o)
                0x0000b749                sqrtf
                0x0000b912                sqrt
 .text          0x0000b947      0x37f C:/Renesas/e2studio/GNURL78v14.03-ELF/rl78-elf/rl78-elf/lib\libm.a(lib_a-ef_sqrt.o)
                0x0000b947                __ieee754_sqrtf
 .text          0x0000bcc6        0x5 C:/Renesas/e2studio/GNURL78v14.03-ELF/rl78-elf/rl78-elf/lib\libm.a(lib_a-s_matherr.o)
                0x0000bcc6                matherr
 .text          0x0000bccb       0x12 C:/Renesas/e2studio/GNURL78v14.03-ELF/rl78-elf/rl78-elf/lib\libc.a(lib_a-abort.o)
                0x0000bccb                abort
 .text          0x0000bcdd        0x6 C:/Renesas/e2studio/GNURL78v14.03-ELF/rl78-elf/rl78-elf/lib\libc.a(lib_a-errno.o)
                0x0000bcdd                __errno
 .text          0x0000bce3       0x38 C:/Renesas/e2studio/GNURL78v14.03-ELF/rl78-elf/rl78-elf/lib\libc.a(lib_a-exit.o)
                0x0000bce3                exit
 .text          0x0000bd1b       0x24 C:/Renesas/e2studio/GNURL78v14.03-ELF/rl78-elf/rl78-elf/lib\libc.a(lib_a-malloc.o)
                0x0000bd1b                malloc
                0x0000bd2d                free
 .text          0x0000bd3f      0xa35 C:/Renesas/e2studio/GNURL78v14.03-ELF/rl78-elf/rl78-elf/lib\libc.a(lib_a-mallocr.o)
                0x0000bd3f                _malloc_r
 .text          0x0000c774       0x23 C:/Renesas/e2studio/GNURL78v14.03-ELF/rl78-elf/rl78-elf/lib\libc.a(lib_a-memset.o)
                0x0000c774                memset
 .text          0x0000c797        0x2 C:/Renesas/e2studio/GNURL78v14.03-ELF/rl78-elf/rl78-elf/lib\libc.a(lib_a-mlock.o)
                0x0000c797                __malloc_lock
                0x0000c798                __malloc_unlock
 .text          0x0000c799       0x30 C:/Renesas/e2studio/GNURL78v14.03-ELF/rl78-elf/rl78-elf/lib\libc.a(lib_a-sbrkr.o)
                0x0000c799                _sbrk_r
 .text          0x0000c7c9      0x279 C:/Renesas/e2studio/GNURL78v14.03-ELF/rl78-elf/rl78-elf/lib\libc.a(lib_a-signal.o)
                0x0000c7c9                _init_signal_r
                0x0000c838                _signal_r
                0x0000c8a4                _raise_r
                0x0000c94c                __sigtramp_r
                0x0000c9fa                raise
                0x0000ca0c                signal
                0x0000ca22                _init_signal
                0x0000ca30                __sigtramp
 .text          0x0000ca42       0x39 C:/Renesas/e2studio/GNURL78v14.03-ELF/rl78-elf/rl78-elf/lib\libc.a(lib_a-signalr.o)
                0x0000ca42                _kill_r
                0x0000ca76                _getpid_r
 .text          0x0000ca7b       0x41 C:/Renesas/e2studio/GNURL78v14.03-ELF/rl78-elf/rl78-elf/lib\libc.a(lib_a-strcmp.o)
                0x0000ca7b                strcmp
 .text          0x0000cabc       0x25 C:/Renesas/e2studio/GNURL78v14.03-ELF/rl78-elf/rl78-elf/lib\libc.a(lib_a-strlen.o)
                0x0000cabc                strlen
 .text          0x0000cae1      0x1ea C:/Renesas/e2studio/GNURL78v14.03-ELF/rl78-elf/rl78-elf/lib\libc.a(lib_a-__call_atexit.o)
                0x0000cae1                __call_exitprocs
 .text          0x0000cccb      0x4bd C:/Renesas/e2studio/GNURL78v14.03-ELF/rl78-elf/rl78-elf/lib\libc.a(lib_a-freer.o)
                0x0000cccb                _malloc_trim_r
                0x0000ce39                _free_r
 .text.__muldi3
                0x0000d188      0x2d5 C:/Renesas/e2studio/GNURL78v14.03-ELF/rl78-elf/lib/gcc/rl78-elf/4.8-GNURL78_v14.03\libgcc.a(_muldi3.o)
                0x0000d188                __muldi3
 .text.__lshrdi3
                0x0000d45d      0x1de C:/Renesas/e2studio/GNURL78v14.03-ELF/rl78-elf/lib/gcc/rl78-elf/4.8-GNURL78_v14.03\libgcc.a(_lshrdi3.o)
                0x0000d45d                __lshrdi3
 .text._fpadd_parts
                0x0000d63b      0x4e2 C:/Renesas/e2studio/GNURL78v14.03-ELF/rl78-elf/lib/gcc/rl78-elf/4.8-GNURL78_v14.03\libgcc.a(_addsub_sf.o)
 .text.__addsf3
                0x0000db1d       0xa5 C:/Renesas/e2studio/GNURL78v14.03-ELF/rl78-elf/lib/gcc/rl78-elf/4.8-GNURL78_v14.03\libgcc.a(_addsub_sf.o)
                0x0000db1d                __addsf3
 .text.__subsf3
                0x0000dbc2       0xb1 C:/Renesas/e2studio/GNURL78v14.03-ELF/rl78-elf/lib/gcc/rl78-elf/4.8-GNURL78_v14.03\libgcc.a(_addsub_sf.o)
                0x0000dbc2                __subsf3
 .text.__mulsf3
                0x0000dc73      0x3c6 C:/Renesas/e2studio/GNURL78v14.03-ELF/rl78-elf/lib/gcc/rl78-elf/4.8-GNURL78_v14.03\libgcc.a(_mul_sf.o)
                0x0000dc73                __mulsf3
 .text.__divsf3
                0x0000e039      0x27e C:/Renesas/e2studio/GNURL78v14.03-ELF/rl78-elf/lib/gcc/rl78-elf/4.8-GNURL78_v14.03\libgcc.a(_div_sf.o)
                0x0000e039                __divsf3
 .text.__ltsf2  0x0000e2b7       0xa6 C:/Renesas/e2studio/GNURL78v14.03-ELF/rl78-elf/lib/gcc/rl78-elf/4.8-GNURL78_v14.03\libgcc.a(_lt_sf.o)
                0x0000e2b7                __ltsf2
 .text.__floatsisf
                0x0000e35d      0x133 C:/Renesas/e2studio/GNURL78v14.03-ELF/rl78-elf/lib/gcc/rl78-elf/4.8-GNURL78_v14.03\libgcc.a(_si_to_sf.o)
                0x0000e35d                __floatsisf
 .text.__fixsfsi
                0x0000e490      0x106 C:/Renesas/e2studio/GNURL78v14.03-ELF/rl78-elf/lib/gcc/rl78-elf/4.8-GNURL78_v14.03\libgcc.a(_sf_to_si.o)
                0x0000e490                __fixsfsi
 .text.___mulsi3
                0x0000e596       0xa7 C:/Renesas/e2studio/GNURL78v14.03-ELF/rl78-elf/lib/gcc/rl78-elf/4.8-GNURL78_v14.03\libgcc.a(mulsi3.o)
                0x0000e596                __mulsi3
 .text.___mulhi3
                0x0000e63d       0x2c C:/Renesas/e2studio/GNURL78v14.03-ELF/rl78-elf/lib/gcc/rl78-elf/4.8-GNURL78_v14.03\libgcc.a(mulsi3.o)
                0x0000e63d                __mulhi3
 .text.__generic_sidivmod_d
                0x0000e669      0x149 C:/Renesas/e2studio/GNURL78v14.03-ELF/rl78-elf/lib/gcc/rl78-elf/4.8-GNURL78_v14.03\libgcc.a(divmodsi.o)
                0x0000e669                _generic_sidivmod_d
                0x0000e683                _generic_sidiv
 .text.___udivsi3
                0x0000e7b2        0x4 C:/Renesas/e2studio/GNURL78v14.03-ELF/rl78-elf/lib/gcc/rl78-elf/4.8-GNURL78_v14.03\libgcc.a(divmodsi.o)
                0x0000e7b2                __udivsi3
 .text.___divsi3
                0x0000e7b6       0xa9 C:/Renesas/e2studio/GNURL78v14.03-ELF/rl78-elf/lib/gcc/rl78-elf/4.8-GNURL78_v14.03\libgcc.a(divmodsi.o)
                0x0000e7b6                __divsi3
 .text.__generic_hidivmod_d
                0x0000e85f       0x68 C:/Renesas/e2studio/GNURL78v14.03-ELF/rl78-elf/lib/gcc/rl78-elf/4.8-GNURL78_v14.03\libgcc.a(divmodhi.o)
                0x0000e85f                _generic_hidivmod_d
                0x0000e864                _generic_hidiv
 .text.__generic_hidivmod_m
                0x0000e8c7       0x51 C:/Renesas/e2studio/GNURL78v14.03-ELF/rl78-elf/lib/gcc/rl78-elf/4.8-GNURL78_v14.03\libgcc.a(divmodhi.o)
                0x0000e8c7                _generic_hidivmod_m
                0x0000e8cc                _generic_himod
 .text.___udivhi3
                0x0000e918        0x4 C:/Renesas/e2studio/GNURL78v14.03-ELF/rl78-elf/lib/gcc/rl78-elf/4.8-GNURL78_v14.03\libgcc.a(divmodhi.o)
                0x0000e918                __udivhi3
 .text.___umodhi3
                0x0000e91c        0x4 C:/Renesas/e2studio/GNURL78v14.03-ELF/rl78-elf/lib/gcc/rl78-elf/4.8-GNURL78_v14.03\libgcc.a(divmodhi.o)
                0x0000e91c                __umodhi3
 .text.uw_install_context.isra.1
                0x0000e920       0x26 C:/Renesas/e2studio/GNURL78v14.03-ELF/rl78-elf/lib/gcc/rl78-elf/4.8-GNURL78_v14.03\libgcc.a(unwind-sjlj.o)
 .text._Unwind_ForcedUnwind_Phase2
                0x0000e946      0x10b C:/Renesas/e2studio/GNURL78v14.03-ELF/rl78-elf/lib/gcc/rl78-elf/4.8-GNURL78_v14.03\libgcc.a(unwind-sjlj.o)
 .text._Unwind_RaiseException_Phase2
                0x0000ea51       0xf5 C:/Renesas/e2studio/GNURL78v14.03-ELF/rl78-elf/lib/gcc/rl78-elf/4.8-GNURL78_v14.03\libgcc.a(unwind-sjlj.o)
 .text._Unwind_SjLj_Register
                0x0000eb46       0x17 C:/Renesas/e2studio/GNURL78v14.03-ELF/rl78-elf/lib/gcc/rl78-elf/4.8-GNURL78_v14.03\libgcc.a(unwind-sjlj.o)
                0x0000eb46                _Unwind_SjLj_Register
 .text._Unwind_SjLj_Unregister
                0x0000eb5d        0x8 C:/Renesas/e2studio/GNURL78v14.03-ELF/rl78-elf/lib/gcc/rl78-elf/4.8-GNURL78_v14.03\libgcc.a(unwind-sjlj.o)
                0x0000eb5d                _Unwind_SjLj_Unregister
 .text._Unwind_SetGR
                0x0000eb65       0x1d C:/Renesas/e2studio/GNURL78v14.03-ELF/rl78-elf/lib/gcc/rl78-elf/4.8-GNURL78_v14.03\libgcc.a(unwind-sjlj.o)
                0x0000eb65                _Unwind_SetGR
 .text._Unwind_GetIPInfo
                0x0000eb82       0x1d C:/Renesas/e2studio/GNURL78v14.03-ELF/rl78-elf/lib/gcc/rl78-elf/4.8-GNURL78_v14.03\libgcc.a(unwind-sjlj.o)
                0x0000eb82                _Unwind_GetIPInfo
 .text._Unwind_SetIP
                0x0000eb9f        0xc C:/Renesas/e2studio/GNURL78v14.03-ELF/rl78-elf/lib/gcc/rl78-elf/4.8-GNURL78_v14.03\libgcc.a(unwind-sjlj.o)
                0x0000eb9f                _Unwind_SetIP
 .text._Unwind_GetLanguageSpecificData
                0x0000ebab        0xa C:/Renesas/e2studio/GNURL78v14.03-ELF/rl78-elf/lib/gcc/rl78-elf/4.8-GNURL78_v14.03\libgcc.a(unwind-sjlj.o)
                0x0000ebab                _Unwind_GetLanguageSpecificData
 .text._Unwind_GetRegionStart
                0x0000ebb5        0x5 C:/Renesas/e2studio/GNURL78v14.03-ELF/rl78-elf/lib/gcc/rl78-elf/4.8-GNURL78_v14.03\libgcc.a(unwind-sjlj.o)
                0x0000ebb5                _Unwind_GetRegionStart
 .text._Unwind_GetDataRelBase
                0x0000ebba        0x5 C:/Renesas/e2studio/GNURL78v14.03-ELF/rl78-elf/lib/gcc/rl78-elf/4.8-GNURL78_v14.03\libgcc.a(unwind-sjlj.o)
                0x0000ebba                _Unwind_GetDataRelBase
 .text._Unwind_GetTextRelBase
                0x0000ebbf        0x5 C:/Renesas/e2studio/GNURL78v14.03-ELF/rl78-elf/lib/gcc/rl78-elf/4.8-GNURL78_v14.03\libgcc.a(unwind-sjlj.o)
                0x0000ebbf                _Unwind_GetTextRelBase
 .text._Unwind_SjLj_RaiseException
                0x0000ebc4       0xda C:/Renesas/e2studio/GNURL78v14.03-ELF/rl78-elf/lib/gcc/rl78-elf/4.8-GNURL78_v14.03\libgcc.a(unwind-sjlj.o)
                0x0000ebc4                _Unwind_SjLj_RaiseException
 .text._Unwind_SjLj_Resume
                0x0000ec9e       0x5d C:/Renesas/e2studio/GNURL78v14.03-ELF/rl78-elf/lib/gcc/rl78-elf/4.8-GNURL78_v14.03\libgcc.a(unwind-sjlj.o)
                0x0000ec9e                _Unwind_SjLj_Resume
 .text._Unwind_SjLj_Resume_or_Rethrow
                0x0000ecfb       0x51 C:/Renesas/e2studio/GNURL78v14.03-ELF/rl78-elf/lib/gcc/rl78-elf/4.8-GNURL78_v14.03\libgcc.a(unwind-sjlj.o)
                0x0000ecfb                _Unwind_SjLj_Resume_or_Rethrow
 .text._Unwind_DeleteException
                0x0000ed4c       0x23 C:/Renesas/e2studio/GNURL78v14.03-ELF/rl78-elf/lib/gcc/rl78-elf/4.8-GNURL78_v14.03\libgcc.a(unwind-sjlj.o)
                0x0000ed4c                _Unwind_DeleteException
 .text.__clzsi2
                0x0000ed6f       0xcc C:/Renesas/e2studio/GNURL78v14.03-ELF/rl78-elf/lib/gcc/rl78-elf/4.8-GNURL78_v14.03\libgcc.a(_clzsi2.o)
                0x0000ed6f                __clzsi2
 .text.__pack_f
                0x0000ee3b      0x353 C:/Renesas/e2studio/GNURL78v14.03-ELF/rl78-elf/lib/gcc/rl78-elf/4.8-GNURL78_v14.03\libgcc.a(_pack_sf.o)
                0x0000ee3b                __pack_f
 .text.__unpack_f
                0x0000f18e      0x16c C:/Renesas/e2studio/GNURL78v14.03-ELF/rl78-elf/lib/gcc/rl78-elf/4.8-GNURL78_v14.03\libgcc.a(_unpack_sf.o)
                0x0000f18e                __unpack_f
 .text.__fpcmp_parts_f
                0x0000f2fa      0x136 C:/Renesas/e2studio/GNURL78v14.03-ELF/rl78-elf/lib/gcc/rl78-elf/4.8-GNURL78_v14.03\libgcc.a(_fpcmp_parts_sf.o)
                0x0000f2fa                __fpcmp_parts_f
 .text          0x0000f430        0xb C:/Renesas/e2studio/GNURL78v14.03-ELF/rl78-elf/rl78-elf/lib\libnosys.a(getpid.o)
                0x0000f430                getpid
 .text          0x0000f43b        0xb C:/Renesas/e2studio/GNURL78v14.03-ELF/rl78-elf/rl78-elf/lib\libnosys.a(kill.o)
                0x0000f43b                kill
 .text          0x0000f446       0x1f C:/Renesas/e2studio/GNURL78v14.03-ELF/rl78-elf/rl78-elf/lib\libnosys.a(sbrk.o)
                0x0000f446                sbrk
 .text          0x0000f465        0x4 C:/Renesas/e2studio/GNURL78v14.03-ELF/rl78-elf/rl78-elf/lib\libnosys.a(_exit.o)
                0x0000f465                _exit
 *reset_program.o(.text)
 *(.text.*personality*)
 *(.gnu.warning)
 *(.interp .hash .dynsym .dynstr .gnu.version*)
                0x0000f469                PROVIDE (__etext, .)
                0x0000f469                PROVIDE (_etext, .)
                0x0000f469                PROVIDE (etext, .)
                0x0000f46a                . = ALIGN (0x2)
 *fill*         0x0000f469        0x1 
 *(.init)
 .init          0x0000f46a        0x0 ./gr_common/RLduino78/portable/e2studio/RL78/reset_program.o
                0x0000f46a                _rl78_init
 .init          0x0000f46a        0x4 C:/Renesas/e2studio/GNURL78v14.03-ELF/rl78-elf/lib/gcc/rl78-elf/4.8-GNURL78_v14.03/crtbegin.o
 .init          0x0000f46e        0x4 C:/Renesas/e2studio/GNURL78v14.03-ELF/rl78-elf/lib/gcc/rl78-elf/4.8-GNURL78_v14.03/crtend.o
 .init          0x0000f472        0x9 C:/Renesas/e2studio/GNURL78v14.03-ELF/rl78-elf/rl78-elf/lib/crtn.o
                0x0000f47b                _rl78_init_end
 *(.fini)
 .fini          0x0000f47b        0x4 ./gr_common/RLduino78/portable/e2studio/RL78/reset_program.o
                0x0000f47b                _rl78_fini
 .fini          0x0000f47f        0x4 C:/Renesas/e2studio/GNURL78v14.03-ELF/rl78-elf/lib/gcc/rl78-elf/4.8-GNURL78_v14.03/crtbegin.o
 .fini          0x0000f483        0x1 C:/Renesas/e2studio/GNURL78v14.03-ELF/rl78-elf/rl78-elf/lib/crtn.o
                0x0000f484                _rl78_fini_end

.stab
 *(.stab)

.stabstr
 *(.stabstr)

.stab.excl
 *(.stab.excl)

.stab.exclstr
 *(.stab.exclstr)

.stab.index
 *(.stab.index)

.stab.indexstr
 *(.stab.indexstr)

.comment        0x00000000      0x130
 *(.comment)
 .comment       0x00000000       0x98 ./gr_sketch.o
                                 0x99 (size before relaxing)
 .comment       0x00000000       0x99 ./gr_common/RLduino78/cores/HardwareSerial.o
 .comment       0x00000000       0x99 ./gr_common/RLduino78/cores/IPAddress.o
 .comment       0x00000000       0x99 ./gr_common/RLduino78/cores/Print.o
 .comment       0x00000000       0x99 ./gr_common/RLduino78/cores/RLduino78_basic.o
 .comment       0x00000000       0x99 ./gr_common/RLduino78/cores/RLduino78_main.o
 .comment       0x00000000       0x99 ./gr_common/RLduino78/cores/RLduino78_RTC.o
 .comment       0x00000000       0x99 ./gr_common/RLduino78/libraries/Ethernet/Dhcp.o
 .comment       0x00000000       0x99 ./gr_common/RLduino78/libraries/Ethernet/Dns.o
 .comment       0x00000000       0x99 ./gr_common/RLduino78/libraries/Ethernet/Ethernet.o
 .comment       0x00000000       0x99 ./gr_common/RLduino78/libraries/Ethernet/EthernetClient.o
 .comment       0x00000000       0x99 ./gr_common/RLduino78/libraries/Ethernet/EthernetServer.o